<?xml version="1.0"?>
<link_info>
   <banner>TI ARM Linker PC v16.9.9.LTS</banner>
   <copyright>Copyright (c) 1996-2017 Texas Instruments Incorporated</copyright>
   <link_time>0x5c8efcea</link_time>
   <link_errors>0x0</link_errors>
   <output_file>ence361-project.out</output_file>
   <entry_point>
      <name>_c_int00</name>
      <address>0x2e75</address>
   </entry_point>
   <input_file_list>
      <input_file id="fl-2">
         <path>.\</path>
         <kind>object</kind>
         <file>ADCdemo2.obj</file>
         <name>ADCdemo2.obj</name>
      </input_file>
      <input_file id="fl-3">
         <path>.\</path>
         <kind>object</kind>
         <file>buttons4.obj</file>
         <name>buttons4.obj</name>
      </input_file>
      <input_file id="fl-4">
         <path>.\</path>
         <kind>object</kind>
         <file>circBufT.obj</file>
         <name>circBufT.obj</name>
      </input_file>
      <input_file id="fl-5">
         <path>.\</path>
         <kind>object</kind>
         <file>tm4c123gh6pm_startup_ccs.obj</file>
         <name>tm4c123gh6pm_startup_ccs.obj</name>
      </input_file>
      <input_file id="fl-6">
         <path>.\</path>
         <kind>object</kind>
         <file>ustdlib.obj</file>
         <name>ustdlib.obj</name>
      </input_file>
      <input_file id="fl-7">
         <path>.\OrbitOLED\</path>
         <kind>object</kind>
         <file>OrbitOLEDInterface.obj</file>
         <name>OrbitOLEDInterface.obj</name>
      </input_file>
      <input_file id="fl-8">
         <path>.\OrbitOLED\lib_OrbitOled\</path>
         <kind>object</kind>
         <file>ChrFont0.obj</file>
         <name>ChrFont0.obj</name>
      </input_file>
      <input_file id="fl-9">
         <path>.\OrbitOLED\lib_OrbitOled\</path>
         <kind>object</kind>
         <file>FillPat.obj</file>
         <name>FillPat.obj</name>
      </input_file>
      <input_file id="fl-a">
         <path>.\OrbitOLED\lib_OrbitOled\</path>
         <kind>object</kind>
         <file>OrbitOled.obj</file>
         <name>OrbitOled.obj</name>
      </input_file>
      <input_file id="fl-b">
         <path>.\OrbitOLED\lib_OrbitOled\</path>
         <kind>object</kind>
         <file>OrbitOledChar.obj</file>
         <name>OrbitOledChar.obj</name>
      </input_file>
      <input_file id="fl-c">
         <path>.\OrbitOLED\lib_OrbitOled\</path>
         <kind>object</kind>
         <file>OrbitOledGrph.obj</file>
         <name>OrbitOledGrph.obj</name>
      </input_file>
      <input_file id="fl-d">
         <path>.\OrbitOLED\lib_OrbitOled\</path>
         <kind>object</kind>
         <file>delay.obj</file>
         <name>delay.obj</name>
      </input_file>
      <input_file id="fl-12">
         <kind>object</kind>
         <file>&lt;internal&gt;</file>
         <name>&lt;internal&gt;</name>
      </input_file>
      <input_file id="fl-c8">
         <path>C:\ti\ccsv7\tools\compiler\ti-cgt-arm_16.9.9.LTS\lib\</path>
         <kind>archive</kind>
         <file>rtsv7M4_T_le_v4SPD16_eabi.lib</file>
         <name>boot.obj</name>
      </input_file>
      <input_file id="fl-c9">
         <path>C:\ti\ccsv7\tools\compiler\ti-cgt-arm_16.9.9.LTS\lib\</path>
         <kind>archive</kind>
         <file>rtsv7M4_T_le_v4SPD16_eabi.lib</file>
         <name>copy_decompress_lzss.obj</name>
      </input_file>
      <input_file id="fl-ca">
         <path>C:\ti\ccsv7\tools\compiler\ti-cgt-arm_16.9.9.LTS\lib\</path>
         <kind>archive</kind>
         <file>rtsv7M4_T_le_v4SPD16_eabi.lib</file>
         <name>copy_decompress_none.obj</name>
      </input_file>
      <input_file id="fl-cb">
         <path>C:\ti\ccsv7\tools\compiler\ti-cgt-arm_16.9.9.LTS\lib\</path>
         <kind>archive</kind>
         <file>rtsv7M4_T_le_v4SPD16_eabi.lib</file>
         <name>copy_zero_init.obj</name>
      </input_file>
      <input_file id="fl-cc">
         <path>C:\ti\ccsv7\tools\compiler\ti-cgt-arm_16.9.9.LTS\lib\</path>
         <kind>archive</kind>
         <file>rtsv7M4_T_le_v4SPD16_eabi.lib</file>
         <name>exit.obj</name>
      </input_file>
      <input_file id="fl-cd">
         <path>C:\ti\ccsv7\tools\compiler\ti-cgt-arm_16.9.9.LTS\lib\</path>
         <kind>archive</kind>
         <file>rtsv7M4_T_le_v4SPD16_eabi.lib</file>
         <name>memcpy_t2.obj</name>
      </input_file>
      <input_file id="fl-ce">
         <path>C:\ti\ccsv7\tools\compiler\ti-cgt-arm_16.9.9.LTS\lib\</path>
         <kind>archive</kind>
         <file>rtsv7M4_T_le_v4SPD16_eabi.lib</file>
         <name>memory.obj</name>
      </input_file>
      <input_file id="fl-cf">
         <path>C:\ti\ccsv7\tools\compiler\ti-cgt-arm_16.9.9.LTS\lib\</path>
         <kind>archive</kind>
         <file>rtsv7M4_T_le_v4SPD16_eabi.lib</file>
         <name>memset_t2.obj</name>
      </input_file>
      <input_file id="fl-d0">
         <path>C:\ti\ccsv7\tools\compiler\ti-cgt-arm_16.9.9.LTS\lib\</path>
         <kind>archive</kind>
         <file>rtsv7M4_T_le_v4SPD16_eabi.lib</file>
         <name>mpu_init.obj</name>
      </input_file>
      <input_file id="fl-d1">
         <path>C:\ti\ccsv7\tools\compiler\ti-cgt-arm_16.9.9.LTS\lib\</path>
         <kind>archive</kind>
         <file>rtsv7M4_T_le_v4SPD16_eabi.lib</file>
         <name>pre_init.obj</name>
      </input_file>
      <input_file id="fl-d2">
         <path>C:\ti\ccsv7\tools\compiler\ti-cgt-arm_16.9.9.LTS\lib\</path>
         <kind>archive</kind>
         <file>rtsv7M4_T_le_v4SPD16_eabi.lib</file>
         <name>stkdepth_vars.obj</name>
      </input_file>
      <input_file id="fl-d3">
         <path>C:\ti\ccsv7\tools\compiler\ti-cgt-arm_16.9.9.LTS\lib\</path>
         <kind>archive</kind>
         <file>rtsv7M4_T_le_v4SPD16_eabi.lib</file>
         <name>u_divt2.obj</name>
      </input_file>
      <input_file id="fl-d4">
         <path>C:\ti\ccsv7\tools\compiler\ti-cgt-arm_16.9.9.LTS\lib\</path>
         <kind>archive</kind>
         <file>rtsv7M4_T_le_v4SPD16_eabi.lib</file>
         <name>_lock.obj</name>
      </input_file>
      <input_file id="fl-d5">
         <path>C:\ti\ccsv7\tools\compiler\ti-cgt-arm_16.9.9.LTS\lib\</path>
         <kind>archive</kind>
         <file>rtsv7M4_T_le_v4SPD16_eabi.lib</file>
         <name>args_main.obj</name>
      </input_file>
      <input_file id="fl-d6">
         <path>C:\ti\ccsv7\tools\compiler\ti-cgt-arm_16.9.9.LTS\lib\</path>
         <kind>archive</kind>
         <file>rtsv7M4_T_le_v4SPD16_eabi.lib</file>
         <name>autoinit.obj</name>
      </input_file>
      <input_file id="fl-d7">
         <path>C:\ti\ccsv7\tools\compiler\ti-cgt-arm_16.9.9.LTS\lib\</path>
         <kind>archive</kind>
         <file>rtsv7M4_T_le_v4SPD16_eabi.lib</file>
         <name>cpy_tbl.obj</name>
      </input_file>
      <input_file id="fl-d8">
         <path>C:\ti\ccsv7\tools\compiler\ti-cgt-arm_16.9.9.LTS\lib\</path>
         <kind>archive</kind>
         <file>rtsv7M4_T_le_v4SPD16_eabi.lib</file>
         <name>i_div0.obj</name>
      </input_file>
      <input_file id="fl-d9">
         <path>C:\ti\ccsv7\tools\compiler\ti-cgt-arm_16.9.9.LTS\lib\</path>
         <kind>archive</kind>
         <file>rtsv7M4_T_le_v4SPD16_eabi.lib</file>
         <name>startup.obj</name>
      </input_file>
      <input_file id="fl-da">
         <path>C:\ti\TivaWare_C_Series-2.1.4.178\driverlib\ccs\Debug\</path>
         <kind>archive</kind>
         <file>driverlib.lib</file>
         <name>adc.obj</name>
      </input_file>
      <input_file id="fl-db">
         <path>C:\ti\TivaWare_C_Series-2.1.4.178\driverlib\ccs\Debug\</path>
         <kind>archive</kind>
         <file>driverlib.lib</file>
         <name>gpio.obj</name>
      </input_file>
      <input_file id="fl-dc">
         <path>C:\ti\TivaWare_C_Series-2.1.4.178\driverlib\ccs\Debug\</path>
         <kind>archive</kind>
         <file>driverlib.lib</file>
         <name>interrupt.obj</name>
      </input_file>
      <input_file id="fl-dd">
         <path>C:\ti\TivaWare_C_Series-2.1.4.178\driverlib\ccs\Debug\</path>
         <kind>archive</kind>
         <file>driverlib.lib</file>
         <name>ssi.obj</name>
      </input_file>
      <input_file id="fl-de">
         <path>C:\ti\TivaWare_C_Series-2.1.4.178\driverlib\ccs\Debug\</path>
         <kind>archive</kind>
         <file>driverlib.lib</file>
         <name>sysctl.obj</name>
      </input_file>
      <input_file id="fl-df">
         <path>C:\ti\TivaWare_C_Series-2.1.4.178\driverlib\ccs\Debug\</path>
         <kind>archive</kind>
         <file>driverlib.lib</file>
         <name>systick.obj</name>
      </input_file>
      <input_file id="fl-e0">
         <path>C:\ti\TivaWare_C_Series-2.1.4.178\driverlib\ccs\Debug\</path>
         <kind>archive</kind>
         <file>driverlib.lib</file>
         <name>timer.obj</name>
      </input_file>
      <input_file id="fl-e1">
         <path>C:\ti\TivaWare_C_Series-2.1.4.178\driverlib\ccs\Debug\</path>
         <kind>archive</kind>
         <file>driverlib.lib</file>
         <name>cpu.obj</name>
      </input_file>
   </input_file_list>
   <object_component_list>
      <object_component id="oc-f">
         <name>.intvecs</name>
         <load_address>0x0</load_address>
         <run_address>0x0</run_address>
         <size>0x26c</size>
         <input_file_ref idref="fl-5"/>
      </object_component>
      <object_component id="oc-149">
         <name>.text</name>
         <load_address>0x26c</load_address>
         <run_address>0x26c</run_address>
         <size>0xc84</size>
         <input_file_ref idref="fl-6"/>
      </object_component>
      <object_component id="oc-23a">
         <name>.text</name>
         <load_address>0xef0</load_address>
         <run_address>0xef0</run_address>
         <size>0x950</size>
         <input_file_ref idref="fl-c"/>
      </object_component>
      <object_component id="oc-18b">
         <name>.text</name>
         <load_address>0x1840</load_address>
         <run_address>0x1840</run_address>
         <size>0x3d0</size>
         <input_file_ref idref="fl-ce"/>
      </object_component>
      <object_component id="oc-1bd">
         <name>.text</name>
         <load_address>0x1c10</load_address>
         <run_address>0x1c10</run_address>
         <size>0x37c</size>
         <input_file_ref idref="fl-a"/>
      </object_component>
      <object_component id="oc-ae">
         <name>.text</name>
         <load_address>0x1f8c</load_address>
         <run_address>0x1f8c</run_address>
         <size>0x348</size>
         <input_file_ref idref="fl-2"/>
      </object_component>
      <object_component id="oc-14f">
         <name>.text</name>
         <load_address>0x22d4</load_address>
         <run_address>0x22d4</run_address>
         <size>0x220</size>
         <input_file_ref idref="fl-3"/>
      </object_component>
      <object_component id="oc-1b7">
         <name>.text</name>
         <load_address>0x24f4</load_address>
         <run_address>0x24f4</run_address>
         <size>0x204</size>
         <input_file_ref idref="fl-b"/>
      </object_component>
      <object_component id="oc-1e8">
         <name>.text:GPIOPadConfigSet</name>
         <load_address>0x26f8</load_address>
         <run_address>0x26f8</run_address>
         <size>0x132</size>
         <input_file_ref idref="fl-db"/>
      </object_component>
      <object_component id="oc-29e">
         <name>.text</name>
         <load_address>0x282a</load_address>
         <run_address>0x282a</run_address>
         <size>0x2</size>
         <input_file_ref idref="fl-d8"/>
      </object_component>
      <object_component id="oc-101">
         <name>.text:SysCtlClockGet</name>
         <load_address>0x282c</load_address>
         <run_address>0x282c</run_address>
         <size>0x110</size>
         <input_file_ref idref="fl-de"/>
      </object_component>
      <object_component id="oc-fb">
         <name>.text:SysCtlClockSet</name>
         <load_address>0x293c</load_address>
         <run_address>0x293c</run_address>
         <size>0xf4</size>
         <input_file_ref idref="fl-de"/>
      </object_component>
      <object_component id="oc-ef">
         <name>.text</name>
         <load_address>0x2a30</load_address>
         <run_address>0x2a30</run_address>
         <size>0xb8</size>
         <input_file_ref idref="fl-4"/>
      </object_component>
      <object_component id="oc-42">
         <name>.text</name>
         <load_address>0x2ae8</load_address>
         <run_address>0x2ae8</run_address>
         <size>0x9c</size>
         <input_file_ref idref="fl-cd"/>
      </object_component>
      <object_component id="oc-12b">
         <name>.text:ADCSequenceStepConfigure</name>
         <load_address>0x2b84</load_address>
         <run_address>0x2b84</run_address>
         <size>0x7a</size>
         <input_file_ref idref="fl-da"/>
      </object_component>
      <object_component id="oc-4e">
         <name>.text</name>
         <load_address>0x2bfe</load_address>
         <run_address>0x2bfe</run_address>
         <size>0x7a</size>
         <input_file_ref idref="fl-cf"/>
      </object_component>
      <object_component id="oc-66">
         <name>.text</name>
         <load_address>0x2c78</load_address>
         <run_address>0x2c78</run_address>
         <size>0x70</size>
         <input_file_ref idref="fl-d6"/>
      </object_component>
      <object_component id="oc-1af">
         <name>.text:IntEnable</name>
         <load_address>0x2ce8</load_address>
         <run_address>0x2ce8</run_address>
         <size>0x68</size>
         <input_file_ref idref="fl-dc"/>
      </object_component>
      <object_component id="oc-12">
         <name>.text:decompress:lzss</name>
         <load_address>0x2d50</load_address>
         <run_address>0x2d50</run_address>
         <size>0x68</size>
         <input_file_ref idref="fl-c9"/>
      </object_component>
      <object_component id="oc-2d9">
         <name>.text:TimerConfigure</name>
         <load_address>0x2db8</load_address>
         <run_address>0x2db8</run_address>
         <size>0x60</size>
         <input_file_ref idref="fl-e0"/>
      </object_component>
      <object_component id="oc-24f">
         <name>.text</name>
         <load_address>0x2e18</load_address>
         <run_address>0x2e18</run_address>
         <size>0x5c</size>
         <input_file_ref idref="fl-d"/>
      </object_component>
      <object_component id="oc-24">
         <name>.text</name>
         <load_address>0x2e74</load_address>
         <run_address>0x2e74</run_address>
         <size>0x54</size>
         <input_file_ref idref="fl-c8"/>
      </object_component>
      <object_component id="oc-72">
         <name>.text</name>
         <load_address>0x2ec8</load_address>
         <run_address>0x2ec8</run_address>
         <size>0x54</size>
         <input_file_ref idref="fl-cc"/>
      </object_component>
      <object_component id="oc-125">
         <name>.text:ADCSequenceConfigure</name>
         <load_address>0x2f1c</load_address>
         <run_address>0x2f1c</run_address>
         <size>0x50</size>
         <input_file_ref idref="fl-da"/>
      </object_component>
      <object_component id="oc-1a9">
         <name>.text:_ADCIntNumberGet</name>
         <load_address>0x2f6c</load_address>
         <run_address>0x2f6c</run_address>
         <size>0x50</size>
         <input_file_ref idref="fl-da"/>
      </object_component>
      <object_component id="oc-25b">
         <name>.text:GPIOPinConfigure</name>
         <load_address>0x2fbc</load_address>
         <run_address>0x2fbc</run_address>
         <size>0x4c</size>
         <input_file_ref idref="fl-db"/>
      </object_component>
      <object_component id="oc-a0">
         <name>.text</name>
         <load_address>0x3008</load_address>
         <run_address>0x3008</run_address>
         <size>0x4c</size>
         <input_file_ref idref="fl-d7"/>
      </object_component>
      <object_component id="oc-143">
         <name>.text</name>
         <load_address>0x3054</load_address>
         <run_address>0x3054</run_address>
         <size>0x44</size>
         <input_file_ref idref="fl-7"/>
      </object_component>
      <object_component id="oc-1c5">
         <name>.text</name>
         <load_address>0x3098</load_address>
         <run_address>0x3098</run_address>
         <size>0x40</size>
         <input_file_ref idref="fl-d3"/>
      </object_component>
      <object_component id="oc-267">
         <name>.text:SSIConfigSetExpClk</name>
         <load_address>0x30d8</load_address>
         <run_address>0x30d8</run_address>
         <size>0x3c</size>
         <input_file_ref idref="fl-dd"/>
      </object_component>
      <object_component id="oc-19c">
         <name>.text:IntRegister</name>
         <load_address>0x3114</load_address>
         <run_address>0x3114</run_address>
         <size>0x34</size>
         <input_file_ref idref="fl-dc"/>
      </object_component>
      <object_component id="oc-11f">
         <name>.text:SysCtlPeripheralEnable</name>
         <load_address>0x3148</load_address>
         <run_address>0x3148</run_address>
         <size>0x34</size>
         <input_file_ref idref="fl-de"/>
      </object_component>
      <object_component id="oc-2b0">
         <name>.text:GPIODirModeSet</name>
         <load_address>0x317c</load_address>
         <run_address>0x317c</run_address>
         <size>0x2c</size>
         <input_file_ref idref="fl-db"/>
      </object_component>
      <object_component id="oc-e9">
         <name>.text:ADCSequenceDataGet</name>
         <load_address>0x31a8</load_address>
         <run_address>0x31a8</run_address>
         <size>0x1e</size>
         <input_file_ref idref="fl-da"/>
      </object_component>
      <object_component id="oc-5a">
         <name>.text</name>
         <load_address>0x31c6</load_address>
         <run_address>0x31c6</run_address>
         <size>0x2</size>
         <input_file_ref idref="fl-d0"/>
      </object_component>
      <object_component id="oc-10d">
         <name>.text:SysTickIntRegister</name>
         <load_address>0x31c8</load_address>
         <run_address>0x31c8</run_address>
         <size>0x1c</size>
         <input_file_ref idref="fl-df"/>
      </object_component>
      <object_component id="oc-137">
         <name>.text:ADCIntRegister</name>
         <load_address>0x31e4</load_address>
         <run_address>0x31e4</run_address>
         <size>0x18</size>
         <input_file_ref idref="fl-da"/>
      </object_component>
      <object_component id="oc-e3">
         <name>.text:ADCProcessorTrigger</name>
         <load_address>0x31fc</load_address>
         <run_address>0x31fc</run_address>
         <size>0x18</size>
         <input_file_ref idref="fl-da"/>
      </object_component>
      <object_component id="oc-279">
         <name>.text:GPIOPinTypeGPIOOutput</name>
         <load_address>0x3214</load_address>
         <run_address>0x3214</run_address>
         <size>0x18</size>
         <input_file_ref idref="fl-db"/>
      </object_component>
      <object_component id="oc-6c">
         <name>.text</name>
         <load_address>0x322c</load_address>
         <run_address>0x322c</run_address>
         <size>0x18</size>
         <input_file_ref idref="fl-d5"/>
      </object_component>
      <object_component id="oc-1e2">
         <name>.text:GPIOPinTypeGPIOInput</name>
         <load_address>0x3244</load_address>
         <run_address>0x3244</run_address>
         <size>0x16</size>
         <input_file_ref idref="fl-db"/>
      </object_component>
      <object_component id="oc-255">
         <name>.text:GPIOPinTypeSSI</name>
         <load_address>0x325a</load_address>
         <run_address>0x325a</run_address>
         <size>0x16</size>
         <input_file_ref idref="fl-db"/>
      </object_component>
      <object_component id="oc-119">
         <name>.text:SysTickEnable</name>
         <load_address>0x3270</load_address>
         <run_address>0x3270</run_address>
         <size>0x14</size>
         <input_file_ref idref="fl-df"/>
      </object_component>
      <object_component id="oc-113">
         <name>.text:SysTickIntEnable</name>
         <load_address>0x3284</load_address>
         <run_address>0x3284</run_address>
         <size>0x14</size>
         <input_file_ref idref="fl-df"/>
      </object_component>
      <object_component id="oc-170">
         <name>.text</name>
         <load_address>0x3298</load_address>
         <run_address>0x3298</run_address>
         <size>0x14</size>
         <input_file_ref idref="fl-d4"/>
      </object_component>
      <object_component id="oc-13d">
         <name>.text:ADCIntEnable</name>
         <load_address>0x32ac</load_address>
         <run_address>0x32ac</run_address>
         <size>0x10</size>
         <input_file_ref idref="fl-da"/>
      </object_component>
      <object_component id="oc-155">
         <name>.text:IntMasterEnable</name>
         <load_address>0x32bc</load_address>
         <run_address>0x32bc</run_address>
         <size>0x10</size>
         <input_file_ref idref="fl-dc"/>
      </object_component>
      <object_component id="oc-107">
         <name>.text:SysTickPeriodSet</name>
         <load_address>0x32cc</load_address>
         <run_address>0x32cc</run_address>
         <size>0x10</size>
         <input_file_ref idref="fl-df"/>
      </object_component>
      <object_component id="oc-131">
         <name>.text:ADCSequenceEnable</name>
         <load_address>0x32dc</load_address>
         <run_address>0x32dc</run_address>
         <size>0xe</size>
         <input_file_ref idref="fl-da"/>
      </object_component>
      <object_component id="oc-2df">
         <name>.text:TimerEnable</name>
         <load_address>0x32ea</load_address>
         <run_address>0x32ea</run_address>
         <size>0xe</size>
         <input_file_ref idref="fl-e0"/>
      </object_component>
      <object_component id="oc-18">
         <name>.text:decompress:none</name>
         <load_address>0x32f8</load_address>
         <run_address>0x32f8</run_address>
         <size>0xe</size>
         <input_file_ref idref="fl-ca"/>
      </object_component>
      <object_component id="oc-202">
         <name>.text:CPUcpsie</name>
         <load_address>0x3306</load_address>
         <run_address>0x3306</run_address>
         <size>0xc</size>
         <input_file_ref idref="fl-e1"/>
      </object_component>
      <object_component id="oc-28b">
         <name>.text:SSIDataGet</name>
         <load_address>0x3312</load_address>
         <run_address>0x3312</run_address>
         <size>0xc</size>
         <input_file_ref idref="fl-dd"/>
      </object_component>
      <object_component id="oc-1e">
         <name>.text:decompress:ZI</name>
         <load_address>0x331e</load_address>
         <run_address>0x331e</run_address>
         <size>0xc</size>
         <input_file_ref idref="fl-cb"/>
      </object_component>
      <object_component id="oc-2e">
         <name>.text</name>
         <load_address>0x332a</load_address>
         <run_address>0x332a</run_address>
         <size>0xc</size>
         <input_file_ref idref="fl-5"/>
      </object_component>
      <object_component id="oc-f5">
         <name>.text:ADCIntClear</name>
         <load_address>0x3336</load_address>
         <run_address>0x3336</run_address>
         <size>0xa</size>
         <input_file_ref idref="fl-da"/>
      </object_component>
      <object_component id="oc-285">
         <name>.text:SSIDataPut</name>
         <load_address>0x3340</load_address>
         <run_address>0x3340</run_address>
         <size>0xa</size>
         <input_file_ref idref="fl-dd"/>
      </object_component>
      <object_component id="oc-26d">
         <name>.text:SSIEnable</name>
         <load_address>0x334a</load_address>
         <run_address>0x334a</run_address>
         <size>0xa</size>
         <input_file_ref idref="fl-dd"/>
      </object_component>
      <object_component id="oc-2e5">
         <name>.text:TimerValueGet</name>
         <load_address>0x3354</load_address>
         <run_address>0x3354</run_address>
         <size>0xa</size>
         <input_file_ref idref="fl-e0"/>
      </object_component>
      <object_component id="oc-27f">
         <name>.text:SSIBusy</name>
         <load_address>0x335e</load_address>
         <run_address>0x335e</run_address>
         <size>0x8</size>
         <input_file_ref idref="fl-dd"/>
      </object_component>
      <object_component id="oc-1ee">
         <name>.text:GPIOPinRead</name>
         <load_address>0x3366</load_address>
         <run_address>0x3366</run_address>
         <size>0x6</size>
         <input_file_ref idref="fl-db"/>
      </object_component>
      <object_component id="oc-273">
         <name>.text:GPIOPinWrite</name>
         <load_address>0x336c</load_address>
         <run_address>0x336c</run_address>
         <size>0x6</size>
         <input_file_ref idref="fl-db"/>
      </object_component>
      <object_component id="oc-261">
         <name>.text:SSIClockSourceSet</name>
         <load_address>0x3372</load_address>
         <run_address>0x3372</run_address>
         <size>0x6</size>
         <input_file_ref idref="fl-dd"/>
      </object_component>
      <object_component id="oc-15b">
         <name>.text:SysCtlDelay</name>
         <load_address>0x3378</load_address>
         <run_address>0x3378</run_address>
         <size>0x6</size>
         <input_file_ref idref="fl-de"/>
      </object_component>
      <object_component id="oc-60">
         <name>.text</name>
         <load_address>0x337e</load_address>
         <run_address>0x337e</run_address>
         <size>0x4</size>
         <input_file_ref idref="fl-d1"/>
      </object_component>
      <object_component id="oc-a6">
         <name>.text</name>
         <load_address>0x3382</load_address>
         <run_address>0x3382</run_address>
         <size>0x2</size>
         <input_file_ref idref="fl-d9"/>
      </object_component>
      <object_component id="oc-291">
         <name>.const:.string:rgbOledFont0</name>
         <load_address>0x3384</load_address>
         <run_address>0x3384</run_address>
         <size>0x300</size>
         <input_file_ref idref="fl-8"/>
      </object_component>
      <object_component id="oc-2ed">
         <name>.const:g_pui32GPIOBaseAddrs</name>
         <load_address>0x3684</load_address>
         <run_address>0x3684</run_address>
         <size>0x90</size>
         <input_file_ref idref="fl-db"/>
      </object_component>
      <object_component id="oc-196">
         <name>.const:g_pui32Xtals</name>
         <load_address>0x3714</load_address>
         <run_address>0x3714</run_address>
         <size>0x6c</size>
         <input_file_ref idref="fl-de"/>
      </object_component>
      <object_component id="oc-297">
         <name>.const:.string:rgbFillPat</name>
         <load_address>0x3780</load_address>
         <run_address>0x3780</run_address>
         <size>0x40</size>
         <input_file_ref idref="fl-9"/>
      </object_component>
      <object_component id="oc-1cd">
         <name>.const:g_psDaysToMonth</name>
         <load_address>0x37c0</load_address>
         <run_address>0x37c0</run_address>
         <size>0x30</size>
         <input_file_ref idref="fl-6"/>
      </object_component>
      <object_component id="oc-1d0">
         <name>.const:g_pfExponents</name>
         <load_address>0x37f0</load_address>
         <run_address>0x37f0</run_address>
         <size>0x18</size>
         <input_file_ref idref="fl-6"/>
      </object_component>
      <object_component id="oc-236">
         <name>.const:g_pui32EnRegs</name>
         <load_address>0x3808</load_address>
         <run_address>0x3808</run_address>
         <size>0x14</size>
         <input_file_ref idref="fl-dc"/>
      </object_component>
      <object_component id="oc-2a5">
         <name>.const:.string</name>
         <load_address>0x381c</load_address>
         <run_address>0x381c</run_address>
         <size>0x12</size>
         <input_file_ref idref="fl-6"/>
      </object_component>
      <object_component id="oc-1ca">
         <name>.const</name>
         <load_address>0x3830</load_address>
         <run_address>0x3830</run_address>
         <size>0x4</size>
         <input_file_ref idref="fl-6"/>
      </object_component>
      <object_component id="oc-336">
         <name>.cinit..data.load</name>
         <load_address>0x3838</load_address>
         <run_address>0x3838</run_address>
         <size>0x1c</size>
      </object_component>
      <object_component id="oc-333">
         <name>__TI_handler_table</name>
         <load_address>0x3854</load_address>
         <run_address>0x3854</run_address>
         <size>0xc</size>
      </object_component>
      <object_component id="oc-337">
         <name>.cinit..bss.load</name>
         <load_address>0x3860</load_address>
         <run_address>0x3860</run_address>
         <size>0x8</size>
      </object_component>
      <object_component id="oc-335">
         <name>.cinit..vtable.load</name>
         <load_address>0x3868</load_address>
         <run_address>0x3868</run_address>
         <size>0x8</size>
      </object_component>
      <object_component id="oc-334">
         <name>__TI_cinit_table</name>
         <load_address>0x3870</load_address>
         <run_address>0x3870</run_address>
         <size>0x18</size>
      </object_component>
      <object_component id="oc-230">
         <name>.vtable</name>
         <uninitialized>true</uninitialized>
         <run_address>0x20000000</run_address>
         <size>0x26c</size>
         <input_file_ref idref="fl-dc"/>
      </object_component>
      <object_component id="oc-162">
         <name>.data</name>
         <load_address>0x20000c0c</load_address>
         <run_address>0x20000c0c</run_address>
         <size>0x2</size>
         <input_file_ref idref="fl-2"/>
      </object_component>
      <object_component id="oc-1d3">
         <name>.data</name>
         <load_address>0x20000c08</load_address>
         <run_address>0x20000c08</run_address>
         <size>0x4</size>
         <input_file_ref idref="fl-6"/>
      </object_component>
      <object_component id="oc-b6">
         <name>.data:$O1$$</name>
         <load_address>0x20000be4</load_address>
         <run_address>0x20000be4</run_address>
         <size>0xc</size>
         <input_file_ref idref="fl-cc"/>
      </object_component>
      <object_component id="oc-21b">
         <name>.data:$O1$$</name>
         <load_address>0x20000bf0</load_address>
         <run_address>0x20000bf0</run_address>
         <size>0xc</size>
         <input_file_ref idref="fl-ce"/>
      </object_component>
      <object_component id="oc-78">
         <name>.data</name>
         <load_address>0x20000c04</load_address>
         <run_address>0x20000c04</run_address>
         <size>0x4</size>
         <input_file_ref idref="fl-d2"/>
      </object_component>
      <object_component id="oc-b9">
         <name>.data:$O1$$</name>
         <load_address>0x20000bfc</load_address>
         <run_address>0x20000bfc</run_address>
         <size>0x8</size>
         <input_file_ref idref="fl-d4"/>
      </object_component>
      <object_component id="oc-15f">
         <name>.bss:g_inBuffer</name>
         <uninitialized>true</uninitialized>
         <run_address>0x20000980</run_address>
         <size>0x10</size>
         <input_file_ref idref="fl-2"/>
      </object_component>
      <object_component id="oc-15c">
         <name>.bss</name>
         <uninitialized>true</uninitialized>
         <run_address>0x20000970</run_address>
         <size>0x10</size>
         <input_file_ref idref="fl-2"/>
      </object_component>
      <object_component id="oc-1f7">
         <name>.bss:but_state</name>
         <uninitialized>true</uninitialized>
         <run_address>0x2000099c</run_address>
         <size>0x4</size>
         <input_file_ref idref="fl-3"/>
      </object_component>
      <object_component id="oc-1fa">
         <name>.bss:but_count</name>
         <uninitialized>true</uninitialized>
         <run_address>0x20000990</run_address>
         <size>0x4</size>
         <input_file_ref idref="fl-3"/>
      </object_component>
      <object_component id="oc-1fd">
         <name>.bss:but_flag</name>
         <uninitialized>true</uninitialized>
         <run_address>0x20000994</run_address>
         <size>0x4</size>
         <input_file_ref idref="fl-3"/>
      </object_component>
      <object_component id="oc-1f4">
         <name>.bss:but_normal</name>
         <uninitialized>true</uninitialized>
         <run_address>0x20000998</run_address>
         <size>0x4</size>
         <input_file_ref idref="fl-3"/>
      </object_component>
      <object_component id="oc-2cd">
         <name>.common:xcoOledCur</name>
         <uninitialized>true</uninitialized>
         <run_address>0x200009d0</run_address>
         <size>0x4</size>
      </object_component>
      <object_component id="oc-2ce">
         <name>.common:ycoOledCur</name>
         <uninitialized>true</uninitialized>
         <run_address>0x200009dc</run_address>
         <size>0x4</size>
      </object_component>
      <object_component id="oc-24d">
         <name>.common:pbOledCur</name>
         <uninitialized>true</uninitialized>
         <run_address>0x200009b4</run_address>
         <size>0x4</size>
      </object_component>
      <object_component id="oc-2cf">
         <name>.common:bnOledCur</name>
         <uninitialized>true</uninitialized>
         <run_address>0x200009a0</run_address>
         <size>0x4</size>
      </object_component>
      <object_component id="oc-295">
         <name>.common:clrOledCur</name>
         <uninitialized>true</uninitialized>
         <run_address>0x200009e0</run_address>
         <size>0x1</size>
      </object_component>
      <object_component id="oc-296">
         <name>.common:pbOledPatCur</name>
         <uninitialized>true</uninitialized>
         <run_address>0x200009c0</run_address>
         <size>0x4</size>
      </object_component>
      <object_component id="oc-24b">
         <name>.common:fOledCharUpdate</name>
         <uninitialized>true</uninitialized>
         <run_address>0x200009ac</run_address>
         <size>0x4</size>
      </object_component>
      <object_component id="oc-246">
         <name>.common:dxcoOledFontCur</name>
         <uninitialized>true</uninitialized>
         <run_address>0x200009a4</run_address>
         <size>0x4</size>
      </object_component>
      <object_component id="oc-249">
         <name>.common:dycoOledFontCur</name>
         <uninitialized>true</uninitialized>
         <run_address>0x200009a8</run_address>
         <size>0x4</size>
      </object_component>
      <object_component id="oc-24c">
         <name>.common:pbOledFontCur</name>
         <uninitialized>true</uninitialized>
         <run_address>0x200009b8</run_address>
         <size>0x4</size>
      </object_component>
      <object_component id="oc-24a">
         <name>.common:pbOledFontUser</name>
         <uninitialized>true</uninitialized>
         <run_address>0x200009bc</run_address>
         <size>0x4</size>
      </object_component>
      <object_component id="oc-29a">
         <name>.common:rgbOledBmp</name>
         <uninitialized>true</uninitialized>
         <run_address>0x20000670</run_address>
         <size>0x200</size>
      </object_component>
      <object_component id="oc-244">
         <name>.common:xchOledCur</name>
         <uninitialized>true</uninitialized>
         <run_address>0x200009c8</run_address>
         <size>0x4</size>
      </object_component>
      <object_component id="oc-245">
         <name>.common:ychOledCur</name>
         <uninitialized>true</uninitialized>
         <run_address>0x200009d4</run_address>
         <size>0x4</size>
      </object_component>
      <object_component id="oc-240">
         <name>.common:xchOledMax</name>
         <uninitialized>true</uninitialized>
         <run_address>0x200009cc</run_address>
         <size>0x4</size>
      </object_component>
      <object_component id="oc-243">
         <name>.common:ychOledMax</name>
         <uninitialized>true</uninitialized>
         <run_address>0x200009d8</run_address>
         <size>0x4</size>
      </object_component>
      <object_component id="oc-294">
         <name>.common:rgbOledFontUser</name>
         <uninitialized>true</uninitialized>
         <run_address>0x20000870</run_address>
         <size>0x100</size>
      </object_component>
      <object_component id="oc-2d3">
         <name>.common:pfnDoRop</name>
         <uninitialized>true</uninitialized>
         <run_address>0x200009c4</run_address>
         <size>0x4</size>
      </object_component>
      <object_component id="oc-2d0">
         <name>.common:modOledCur</name>
         <uninitialized>true</uninitialized>
         <run_address>0x200009b0</run_address>
         <size>0x4</size>
      </object_component>
      <object_component id="oc-2b">
         <name>.sysmem</name>
         <uninitialized>true</uninitialized>
         <run_address>0x20000270</run_address>
         <size>0x8</size>
         <input_file_ref idref="fl-ce"/>
      </object_component>
      <object_component id="oc-339">
         <name>.sysmem</name>
         <uninitialized>true</uninitialized>
         <run_address>0x20000270</run_address>
         <size>0x0</size>
      </object_component>
      <object_component id="oc-2a">
         <name>.stack</name>
         <uninitialized>true</uninitialized>
         <run_address>0x200009e4</run_address>
         <size>0x0</size>
         <input_file_ref idref="fl-c8"/>
      </object_component>
      <object_component id="oc-338">
         <name>.stack</name>
         <uninitialized>true</uninitialized>
         <run_address>0x200009e4</run_address>
         <size>0x0</size>
      </object_component>
      <object_component id="oc-166">
         <name>.debug_info</name>
         <load_address>0x0</load_address>
         <run_address>0x0</run_address>
         <size>0x7b8</size>
         <input_file_ref idref="fl-2"/>
      </object_component>
      <object_component id="oc-160">
         <name>.debug_info</name>
         <load_address>0x7b8</load_address>
         <run_address>0x7b8</run_address>
         <size>0xe1</size>
         <input_file_ref idref="fl-2"/>
      </object_component>
      <object_component id="oc-15d">
         <name>.debug_info</name>
         <load_address>0x899</load_address>
         <run_address>0x899</run_address>
         <size>0x195</size>
         <input_file_ref idref="fl-2"/>
      </object_component>
      <object_component id="oc-163">
         <name>.debug_info</name>
         <load_address>0xa2e</load_address>
         <run_address>0xa2e</run_address>
         <size>0x11f</size>
         <input_file_ref idref="fl-2"/>
      </object_component>
      <object_component id="oc-af">
         <name>.debug_info</name>
         <load_address>0xb4d</load_address>
         <run_address>0xb4d</run_address>
         <size>0x9bf</size>
         <input_file_ref idref="fl-2"/>
      </object_component>
      <object_component id="oc-20d">
         <name>.debug_info</name>
         <load_address>0x150c</load_address>
         <run_address>0x150c</run_address>
         <size>0x86</size>
         <input_file_ref idref="fl-2"/>
      </object_component>
      <object_component id="oc-1d8">
         <name>.debug_info</name>
         <load_address>0x1592</load_address>
         <run_address>0x1592</run_address>
         <size>0x196</size>
         <input_file_ref idref="fl-2"/>
      </object_component>
      <object_component id="oc-cd">
         <name>.debug_info</name>
         <load_address>0x1728</load_address>
         <run_address>0x1728</run_address>
         <size>0x8b</size>
         <input_file_ref idref="fl-2"/>
      </object_component>
      <object_component id="oc-83">
         <name>.debug_info</name>
         <load_address>0x17b3</load_address>
         <run_address>0x17b3</run_address>
         <size>0x18b</size>
         <input_file_ref idref="fl-2"/>
      </object_component>
      <object_component id="oc-1dd">
         <name>.debug_info</name>
         <load_address>0x193e</load_address>
         <run_address>0x193e</run_address>
         <size>0x4e</size>
         <input_file_ref idref="fl-2"/>
      </object_component>
      <object_component id="oc-201">
         <name>.debug_info</name>
         <load_address>0x198c</load_address>
         <run_address>0x198c</run_address>
         <size>0x363</size>
         <input_file_ref idref="fl-3"/>
      </object_component>
      <object_component id="oc-1f8">
         <name>.debug_info</name>
         <load_address>0x1cef</load_address>
         <run_address>0x1cef</run_address>
         <size>0xdf</size>
         <input_file_ref idref="fl-3"/>
      </object_component>
      <object_component id="oc-1fb">
         <name>.debug_info</name>
         <load_address>0x1dce</load_address>
         <run_address>0x1dce</run_address>
         <size>0xdf</size>
         <input_file_ref idref="fl-3"/>
      </object_component>
      <object_component id="oc-1fe">
         <name>.debug_info</name>
         <load_address>0x1ead</load_address>
         <run_address>0x1ead</run_address>
         <size>0xdd</size>
         <input_file_ref idref="fl-3"/>
      </object_component>
      <object_component id="oc-1f5">
         <name>.debug_info</name>
         <load_address>0x1f8a</load_address>
         <run_address>0x1f8a</run_address>
         <size>0xe1</size>
         <input_file_ref idref="fl-3"/>
      </object_component>
      <object_component id="oc-152">
         <name>.debug_info</name>
         <load_address>0x206b</load_address>
         <run_address>0x206b</run_address>
         <size>0x3a7</size>
         <input_file_ref idref="fl-3"/>
      </object_component>
      <object_component id="oc-192">
         <name>.debug_info</name>
         <load_address>0x2412</load_address>
         <run_address>0x2412</run_address>
         <size>0x2d8</size>
         <input_file_ref idref="fl-4"/>
      </object_component>
      <object_component id="oc-f1">
         <name>.debug_info</name>
         <load_address>0x26ea</load_address>
         <run_address>0x26ea</run_address>
         <size>0x335</size>
         <input_file_ref idref="fl-4"/>
      </object_component>
      <object_component id="oc-221">
         <name>.debug_info</name>
         <load_address>0x2a1f</load_address>
         <run_address>0x2a1f</run_address>
         <size>0x110</size>
         <input_file_ref idref="fl-4"/>
      </object_component>
      <object_component id="oc-3d">
         <name>.debug_info</name>
         <load_address>0x2b2f</load_address>
         <run_address>0x2b2f</run_address>
         <size>0x84</size>
         <input_file_ref idref="fl-4"/>
      </object_component>
      <object_component id="oc-36">
         <name>.debug_info</name>
         <load_address>0x2bb3</load_address>
         <run_address>0x2bb3</run_address>
         <size>0x2a5</size>
         <input_file_ref idref="fl-5"/>
      </object_component>
      <object_component id="oc-10">
         <name>.debug_info</name>
         <load_address>0x2e58</load_address>
         <run_address>0x2e58</run_address>
         <size>0xf6</size>
         <input_file_ref idref="fl-5"/>
      </object_component>
      <object_component id="oc-2f">
         <name>.debug_info</name>
         <load_address>0x2f4e</load_address>
         <run_address>0x2f4e</run_address>
         <size>0x272</size>
         <input_file_ref idref="fl-5"/>
      </object_component>
      <object_component id="oc-1d7">
         <name>.debug_info</name>
         <load_address>0x31c0</load_address>
         <run_address>0x31c0</run_address>
         <size>0x2c1</size>
         <input_file_ref idref="fl-6"/>
      </object_component>
      <object_component id="oc-1cb">
         <name>.debug_info</name>
         <load_address>0x3481</load_address>
         <run_address>0x3481</run_address>
         <size>0xda</size>
         <input_file_ref idref="fl-6"/>
      </object_component>
      <object_component id="oc-1ce">
         <name>.debug_info</name>
         <load_address>0x355b</load_address>
         <run_address>0x355b</run_address>
         <size>0xeb</size>
         <input_file_ref idref="fl-6"/>
      </object_component>
      <object_component id="oc-1d1">
         <name>.debug_info</name>
         <load_address>0x3646</load_address>
         <run_address>0x3646</run_address>
         <size>0xe7</size>
         <input_file_ref idref="fl-6"/>
      </object_component>
      <object_component id="oc-1d4">
         <name>.debug_info</name>
         <load_address>0x372d</load_address>
         <run_address>0x372d</run_address>
         <size>0xe7</size>
         <input_file_ref idref="fl-6"/>
      </object_component>
      <object_component id="oc-14c">
         <name>.debug_info</name>
         <load_address>0x3814</load_address>
         <run_address>0x3814</run_address>
         <size>0xe59</size>
         <input_file_ref idref="fl-6"/>
      </object_component>
      <object_component id="oc-1c4">
         <name>.debug_info</name>
         <load_address>0x466d</load_address>
         <run_address>0x466d</run_address>
         <size>0x343</size>
         <input_file_ref idref="fl-7"/>
      </object_component>
      <object_component id="oc-147">
         <name>.debug_info</name>
         <load_address>0x49b0</load_address>
         <run_address>0x49b0</run_address>
         <size>0x300</size>
         <input_file_ref idref="fl-7"/>
      </object_component>
      <object_component id="oc-2fc">
         <name>.debug_info</name>
         <load_address>0x4cb0</load_address>
         <run_address>0x4cb0</run_address>
         <size>0xea</size>
         <input_file_ref idref="fl-8"/>
      </object_component>
      <object_component id="oc-292">
         <name>.debug_info</name>
         <load_address>0x4d9a</load_address>
         <run_address>0x4d9a</run_address>
         <size>0xfe</size>
         <input_file_ref idref="fl-8"/>
      </object_component>
      <object_component id="oc-2ff">
         <name>.debug_info</name>
         <load_address>0x4e98</load_address>
         <run_address>0x4e98</run_address>
         <size>0xe7</size>
         <input_file_ref idref="fl-9"/>
      </object_component>
      <object_component id="oc-298">
         <name>.debug_info</name>
         <load_address>0x4f7f</load_address>
         <run_address>0x4f7f</run_address>
         <size>0xf9</size>
         <input_file_ref idref="fl-9"/>
      </object_component>
      <object_component id="oc-247">
         <name>.debug_info</name>
         <load_address>0x5078</load_address>
         <run_address>0x5078</run_address>
         <size>0x845</size>
         <input_file_ref idref="fl-a"/>
      </object_component>
      <object_component id="oc-1bf">
         <name>.debug_info</name>
         <load_address>0x58bd</load_address>
         <run_address>0x58bd</run_address>
         <size>0xbe5</size>
         <input_file_ref idref="fl-a"/>
      </object_component>
      <object_component id="oc-241">
         <name>.debug_info</name>
         <load_address>0x64a2</load_address>
         <run_address>0x64a2</run_address>
         <size>0x4c2</size>
         <input_file_ref idref="fl-b"/>
      </object_component>
      <object_component id="oc-1b8">
         <name>.debug_info</name>
         <load_address>0x6964</load_address>
         <run_address>0x6964</run_address>
         <size>0x8b8</size>
         <input_file_ref idref="fl-b"/>
      </object_component>
      <object_component id="oc-2d1">
         <name>.debug_info</name>
         <load_address>0x721c</load_address>
         <run_address>0x721c</run_address>
         <size>0x4b5</size>
         <input_file_ref idref="fl-c"/>
      </object_component>
      <object_component id="oc-23b">
         <name>.debug_info</name>
         <load_address>0x76d1</load_address>
         <run_address>0x76d1</run_address>
         <size>0x1b50</size>
         <input_file_ref idref="fl-c"/>
      </object_component>
      <object_component id="oc-252">
         <name>.debug_info</name>
         <load_address>0x9221</load_address>
         <run_address>0x9221</run_address>
         <size>0x24b</size>
         <input_file_ref idref="fl-d"/>
      </object_component>
      <object_component id="oc-25">
         <name>.debug_info</name>
         <load_address>0x946c</load_address>
         <run_address>0x946c</run_address>
         <size>0x16b</size>
         <input_file_ref idref="fl-c8"/>
      </object_component>
      <object_component id="oc-8d">
         <name>.debug_info</name>
         <load_address>0x95d7</load_address>
         <run_address>0x95d7</run_address>
         <size>0x29e</size>
         <input_file_ref idref="fl-c9"/>
      </object_component>
      <object_component id="oc-16">
         <name>.debug_info</name>
         <load_address>0x9875</load_address>
         <run_address>0x9875</run_address>
         <size>0x250</size>
         <input_file_ref idref="fl-c9"/>
      </object_component>
      <object_component id="oc-38">
         <name>.debug_info</name>
         <load_address>0x9ac5</load_address>
         <run_address>0x9ac5</run_address>
         <size>0x60</size>
         <input_file_ref idref="fl-c9"/>
      </object_component>
      <object_component id="oc-88">
         <name>.debug_info</name>
         <load_address>0x9b25</load_address>
         <run_address>0x9b25</run_address>
         <size>0x46</size>
         <input_file_ref idref="fl-c9"/>
      </object_component>
      <object_component id="oc-4d">
         <name>.debug_info</name>
         <load_address>0x9b6b</load_address>
         <run_address>0x9b6b</run_address>
         <size>0x2e5</size>
         <input_file_ref idref="fl-ca"/>
      </object_component>
      <object_component id="oc-1a">
         <name>.debug_info</name>
         <load_address>0x9e50</load_address>
         <run_address>0x9e50</run_address>
         <size>0x1ea</size>
         <input_file_ref idref="fl-ca"/>
      </object_component>
      <object_component id="oc-48">
         <name>.debug_info</name>
         <load_address>0xa03a</load_address>
         <run_address>0xa03a</run_address>
         <size>0x46</size>
         <input_file_ref idref="fl-ca"/>
      </object_component>
      <object_component id="oc-8f">
         <name>.debug_info</name>
         <load_address>0xa080</load_address>
         <run_address>0xa080</run_address>
         <size>0x2c</size>
         <input_file_ref idref="fl-ca"/>
      </object_component>
      <object_component id="oc-59">
         <name>.debug_info</name>
         <load_address>0xa0ac</load_address>
         <run_address>0xa0ac</run_address>
         <size>0x2d4</size>
         <input_file_ref idref="fl-cb"/>
      </object_component>
      <object_component id="oc-1f">
         <name>.debug_info</name>
         <load_address>0xa380</load_address>
         <run_address>0xa380</run_address>
         <size>0x1b5</size>
         <input_file_ref idref="fl-cb"/>
      </object_component>
      <object_component id="oc-54">
         <name>.debug_info</name>
         <load_address>0xa535</load_address>
         <run_address>0xa535</run_address>
         <size>0x46</size>
         <input_file_ref idref="fl-cb"/>
      </object_component>
      <object_component id="oc-97">
         <name>.debug_info</name>
         <load_address>0xa57b</load_address>
         <run_address>0xa57b</run_address>
         <size>0x2c</size>
         <input_file_ref idref="fl-cb"/>
      </object_component>
      <object_component id="oc-bd">
         <name>.debug_info</name>
         <load_address>0xa5a7</load_address>
         <run_address>0xa5a7</run_address>
         <size>0x3d9</size>
         <input_file_ref idref="fl-cc"/>
      </object_component>
      <object_component id="oc-b7">
         <name>.debug_info</name>
         <load_address>0xa980</load_address>
         <run_address>0xa980</run_address>
         <size>0x190</size>
         <input_file_ref idref="fl-cc"/>
      </object_component>
      <object_component id="oc-73">
         <name>.debug_info</name>
         <load_address>0xab10</load_address>
         <run_address>0xab10</run_address>
         <size>0x21f</size>
         <input_file_ref idref="fl-cc"/>
      </object_component>
      <object_component id="oc-43">
         <name>.debug_info</name>
         <load_address>0xad2f</load_address>
         <run_address>0xad2f</run_address>
         <size>0x11c</size>
         <input_file_ref idref="fl-cd"/>
      </object_component>
      <object_component id="oc-7e">
         <name>.debug_info</name>
         <load_address>0xae4b</load_address>
         <run_address>0xae4b</run_address>
         <size>0x3c7</size>
         <input_file_ref idref="fl-ce"/>
      </object_component>
      <object_component id="oc-2c">
         <name>.debug_info</name>
         <load_address>0xb212</load_address>
         <run_address>0xb212</run_address>
         <size>0x10c</size>
         <input_file_ref idref="fl-ce"/>
      </object_component>
      <object_component id="oc-21c">
         <name>.debug_info</name>
         <load_address>0xb31e</load_address>
         <run_address>0xb31e</run_address>
         <size>0x157</size>
         <input_file_ref idref="fl-ce"/>
      </object_component>
      <object_component id="oc-18d">
         <name>.debug_info</name>
         <load_address>0xb475</load_address>
         <run_address>0xb475</run_address>
         <size>0x890</size>
         <input_file_ref idref="fl-ce"/>
      </object_component>
      <object_component id="oc-c3">
         <name>.debug_info</name>
         <load_address>0xbd05</load_address>
         <run_address>0xbd05</run_address>
         <size>0x2c</size>
         <input_file_ref idref="fl-ce"/>
      </object_component>
      <object_component id="oc-c8">
         <name>.debug_info</name>
         <load_address>0xbd31</load_address>
         <run_address>0xbd31</run_address>
         <size>0x62</size>
         <input_file_ref idref="fl-ce"/>
      </object_component>
      <object_component id="oc-4f">
         <name>.debug_info</name>
         <load_address>0xbd93</load_address>
         <run_address>0xbd93</run_address>
         <size>0x14a</size>
         <input_file_ref idref="fl-cf"/>
      </object_component>
      <object_component id="oc-5b">
         <name>.debug_info</name>
         <load_address>0xbedd</load_address>
         <run_address>0xbedd</run_address>
         <size>0x143</size>
         <input_file_ref idref="fl-d0"/>
      </object_component>
      <object_component id="oc-64">
         <name>.debug_info</name>
         <load_address>0xc020</load_address>
         <run_address>0xc020</run_address>
         <size>0x153</size>
         <input_file_ref idref="fl-d1"/>
      </object_component>
      <object_component id="oc-79">
         <name>.debug_info</name>
         <load_address>0xc173</load_address>
         <run_address>0xc173</run_address>
         <size>0x114</size>
         <input_file_ref idref="fl-d2"/>
      </object_component>
      <object_component id="oc-1c7">
         <name>.debug_info</name>
         <load_address>0xc287</load_address>
         <run_address>0xc287</run_address>
         <size>0x145</size>
         <input_file_ref idref="fl-d3"/>
      </object_component>
      <object_component id="oc-178">
         <name>.debug_info</name>
         <load_address>0xc3cc</load_address>
         <run_address>0xc3cc</run_address>
         <size>0x2c9</size>
         <input_file_ref idref="fl-d4"/>
      </object_component>
      <object_component id="oc-ba">
         <name>.debug_info</name>
         <load_address>0xc695</load_address>
         <run_address>0xc695</run_address>
         <size>0x11e</size>
         <input_file_ref idref="fl-d4"/>
      </object_component>
      <object_component id="oc-172">
         <name>.debug_info</name>
         <load_address>0xc7b3</load_address>
         <run_address>0xc7b3</run_address>
         <size>0x22a</size>
         <input_file_ref idref="fl-d4"/>
      </object_component>
      <object_component id="oc-b5">
         <name>.debug_info</name>
         <load_address>0xc9dd</load_address>
         <run_address>0xc9dd</run_address>
         <size>0x30b</size>
         <input_file_ref idref="fl-d5"/>
      </object_component>
      <object_component id="oc-6f">
         <name>.debug_info</name>
         <load_address>0xcce8</load_address>
         <run_address>0xcce8</run_address>
         <size>0x172</size>
         <input_file_ref idref="fl-d5"/>
      </object_component>
      <object_component id="oc-169">
         <name>.debug_info</name>
         <load_address>0xce5a</load_address>
         <run_address>0xce5a</run_address>
         <size>0x5e</size>
         <input_file_ref idref="fl-d5"/>
      </object_component>
      <object_component id="oc-ad">
         <name>.debug_info</name>
         <load_address>0xceb8</load_address>
         <run_address>0xceb8</run_address>
         <size>0x48e</size>
         <input_file_ref idref="fl-d6"/>
      </object_component>
      <object_component id="oc-68">
         <name>.debug_info</name>
         <load_address>0xd346</load_address>
         <run_address>0xd346</run_address>
         <size>0x19b</size>
         <input_file_ref idref="fl-d6"/>
      </object_component>
      <object_component id="oc-d9">
         <name>.debug_info</name>
         <load_address>0xd4e1</load_address>
         <run_address>0xd4e1</run_address>
         <size>0x39</size>
         <input_file_ref idref="fl-d6"/>
      </object_component>
      <object_component id="oc-183">
         <name>.debug_info</name>
         <load_address>0xd51a</load_address>
         <run_address>0xd51a</run_address>
         <size>0x39</size>
         <input_file_ref idref="fl-d6"/>
      </object_component>
      <object_component id="oc-de">
         <name>.debug_info</name>
         <load_address>0xd553</load_address>
         <run_address>0xd553</run_address>
         <size>0xcd</size>
         <input_file_ref idref="fl-d6"/>
      </object_component>
      <object_component id="oc-d5">
         <name>.debug_info</name>
         <load_address>0xd620</load_address>
         <run_address>0xd620</run_address>
         <size>0x385</size>
         <input_file_ref idref="fl-d7"/>
      </object_component>
      <object_component id="oc-a4">
         <name>.debug_info</name>
         <load_address>0xd9a5</load_address>
         <run_address>0xd9a5</run_address>
         <size>0x18e</size>
         <input_file_ref idref="fl-d7"/>
      </object_component>
      <object_component id="oc-17e">
         <name>.debug_info</name>
         <load_address>0xdb33</load_address>
         <run_address>0xdb33</run_address>
         <size>0x2c</size>
         <input_file_ref idref="fl-d7"/>
      </object_component>
      <object_component id="oc-2a1">
         <name>.debug_info</name>
         <load_address>0xdb5f</load_address>
         <run_address>0xdb5f</run_address>
         <size>0x152</size>
         <input_file_ref idref="fl-d8"/>
      </object_component>
      <object_component id="oc-a7">
         <name>.debug_info</name>
         <load_address>0xdcb1</load_address>
         <run_address>0xdcb1</run_address>
         <size>0x150</size>
         <input_file_ref idref="fl-d9"/>
      </object_component>
      <object_component id="oc-189">
         <name>.debug_info</name>
         <load_address>0xde01</load_address>
         <run_address>0xde01</run_address>
         <size>0x356</size>
         <input_file_ref idref="fl-da"/>
      </object_component>
      <object_component id="oc-12d">
         <name>.debug_info</name>
         <load_address>0xe157</load_address>
         <run_address>0xe157</run_address>
         <size>0x29c</size>
         <input_file_ref idref="fl-da"/>
      </object_component>
      <object_component id="oc-133">
         <name>.debug_info</name>
         <load_address>0xe3f3</load_address>
         <run_address>0xe3f3</run_address>
         <size>0x209</size>
         <input_file_ref idref="fl-da"/>
      </object_component>
      <object_component id="oc-eb">
         <name>.debug_info</name>
         <load_address>0xe5fc</load_address>
         <run_address>0xe5fc</run_address>
         <size>0x268</size>
         <input_file_ref idref="fl-da"/>
      </object_component>
      <object_component id="oc-127">
         <name>.debug_info</name>
         <load_address>0xe864</load_address>
         <run_address>0xe864</run_address>
         <size>0x28f</size>
         <input_file_ref idref="fl-da"/>
      </object_component>
      <object_component id="oc-e4">
         <name>.debug_info</name>
         <load_address>0xeaf3</load_address>
         <run_address>0xeaf3</run_address>
         <size>0x20d</size>
         <input_file_ref idref="fl-da"/>
      </object_component>
      <object_component id="oc-1aa">
         <name>.debug_info</name>
         <load_address>0xed00</load_address>
         <run_address>0xed00</run_address>
         <size>0x228</size>
         <input_file_ref idref="fl-da"/>
      </object_component>
      <object_component id="oc-138">
         <name>.debug_info</name>
         <load_address>0xef28</load_address>
         <run_address>0xef28</run_address>
         <size>0x248</size>
         <input_file_ref idref="fl-da"/>
      </object_component>
      <object_component id="oc-13e">
         <name>.debug_info</name>
         <load_address>0xf170</load_address>
         <run_address>0xf170</run_address>
         <size>0x1ff</size>
         <input_file_ref idref="fl-da"/>
      </object_component>
      <object_component id="oc-f6">
         <name>.debug_info</name>
         <load_address>0xf36f</load_address>
         <run_address>0xf36f</run_address>
         <size>0x1fd</size>
         <input_file_ref idref="fl-da"/>
      </object_component>
      <object_component id="oc-2b7">
         <name>.debug_info</name>
         <load_address>0xf56c</load_address>
         <run_address>0xf56c</run_address>
         <size>0x385</size>
         <input_file_ref idref="fl-db"/>
      </object_component>
      <object_component id="oc-2ee">
         <name>.debug_info</name>
         <load_address>0xf8f1</load_address>
         <run_address>0xf8f1</run_address>
         <size>0x112</size>
         <input_file_ref idref="fl-db"/>
      </object_component>
      <object_component id="oc-274">
         <name>.debug_info</name>
         <load_address>0xfa03</load_address>
         <run_address>0xfa03</run_address>
         <size>0x20c</size>
         <input_file_ref idref="fl-db"/>
      </object_component>
      <object_component id="oc-2b1">
         <name>.debug_info</name>
         <load_address>0xfc0f</load_address>
         <run_address>0xfc0f</run_address>
         <size>0x21c</size>
         <input_file_ref idref="fl-db"/>
      </object_component>
      <object_component id="oc-1e9">
         <name>.debug_info</name>
         <load_address>0xfe2b</load_address>
         <run_address>0xfe2b</run_address>
         <size>0x27f</size>
         <input_file_ref idref="fl-db"/>
      </object_component>
      <object_component id="oc-256">
         <name>.debug_info</name>
         <load_address>0x100aa</load_address>
         <run_address>0x100aa</run_address>
         <size>0x1f9</size>
         <input_file_ref idref="fl-db"/>
      </object_component>
      <object_component id="oc-27a">
         <name>.debug_info</name>
         <load_address>0x102a3</load_address>
         <run_address>0x102a3</run_address>
         <size>0x220</size>
         <input_file_ref idref="fl-db"/>
      </object_component>
      <object_component id="oc-1e3">
         <name>.debug_info</name>
         <load_address>0x104c3</load_address>
         <run_address>0x104c3</run_address>
         <size>0x205</size>
         <input_file_ref idref="fl-db"/>
      </object_component>
      <object_component id="oc-1ef">
         <name>.debug_info</name>
         <load_address>0x106c8</load_address>
         <run_address>0x106c8</run_address>
         <size>0x1e4</size>
         <input_file_ref idref="fl-db"/>
      </object_component>
      <object_component id="oc-25c">
         <name>.debug_info</name>
         <load_address>0x108ac</load_address>
         <run_address>0x108ac</run_address>
         <size>0x1e9</size>
         <input_file_ref idref="fl-db"/>
      </object_component>
      <object_component id="oc-234">
         <name>.debug_info</name>
         <load_address>0x10a95</load_address>
         <run_address>0x10a95</run_address>
         <size>0x353</size>
         <input_file_ref idref="fl-dc"/>
      </object_component>
      <object_component id="oc-237">
         <name>.debug_info</name>
         <load_address>0x10de8</load_address>
         <run_address>0x10de8</run_address>
         <size>0x109</size>
         <input_file_ref idref="fl-dc"/>
      </object_component>
      <object_component id="oc-231">
         <name>.debug_info</name>
         <load_address>0x10ef1</load_address>
         <run_address>0x10ef1</run_address>
         <size>0x10e</size>
         <input_file_ref idref="fl-dc"/>
      </object_component>
      <object_component id="oc-19e">
         <name>.debug_info</name>
         <load_address>0x10fff</load_address>
         <run_address>0x10fff</run_address>
         <size>0x22a</size>
         <input_file_ref idref="fl-dc"/>
      </object_component>
      <object_component id="oc-157">
         <name>.debug_info</name>
         <load_address>0x11229</load_address>
         <run_address>0x11229</run_address>
         <size>0x1a7</size>
         <input_file_ref idref="fl-dc"/>
      </object_component>
      <object_component id="oc-1b1">
         <name>.debug_info</name>
         <load_address>0x113d0</load_address>
         <run_address>0x113d0</run_address>
         <size>0x1d1</size>
         <input_file_ref idref="fl-dc"/>
      </object_component>
      <object_component id="oc-2f2">
         <name>.debug_info</name>
         <load_address>0x115a1</load_address>
         <run_address>0x115a1</run_address>
         <size>0x361</size>
         <input_file_ref idref="fl-dd"/>
      </object_component>
      <object_component id="oc-26e">
         <name>.debug_info</name>
         <load_address>0x11902</load_address>
         <run_address>0x11902</run_address>
         <size>0x1ab</size>
         <input_file_ref idref="fl-dd"/>
      </object_component>
      <object_component id="oc-286">
         <name>.debug_info</name>
         <load_address>0x11aad</load_address>
         <run_address>0x11aad</run_address>
         <size>0x1df</size>
         <input_file_ref idref="fl-dd"/>
      </object_component>
      <object_component id="oc-28c">
         <name>.debug_info</name>
         <load_address>0x11c8c</load_address>
         <run_address>0x11c8c</run_address>
         <size>0x1e3</size>
         <input_file_ref idref="fl-dd"/>
      </object_component>
      <object_component id="oc-268">
         <name>.debug_info</name>
         <load_address>0x11e6f</load_address>
         <run_address>0x11e6f</run_address>
         <size>0x342</size>
         <input_file_ref idref="fl-dd"/>
      </object_component>
      <object_component id="oc-262">
         <name>.debug_info</name>
         <load_address>0x121b1</load_address>
         <run_address>0x121b1</run_address>
         <size>0x1f5</size>
         <input_file_ref idref="fl-dd"/>
      </object_component>
      <object_component id="oc-280">
         <name>.debug_info</name>
         <load_address>0x123a6</load_address>
         <run_address>0x123a6</run_address>
         <size>0x1ab</size>
         <input_file_ref idref="fl-dd"/>
      </object_component>
      <object_component id="oc-195">
         <name>.debug_info</name>
         <load_address>0x12551</load_address>
         <run_address>0x12551</run_address>
         <size>0x3dd</size>
         <input_file_ref idref="fl-de"/>
      </object_component>
      <object_component id="oc-197">
         <name>.debug_info</name>
         <load_address>0x1292e</load_address>
         <run_address>0x1292e</run_address>
         <size>0x104</size>
         <input_file_ref idref="fl-de"/>
      </object_component>
      <object_component id="oc-120">
         <name>.debug_info</name>
         <load_address>0x12a32</load_address>
         <run_address>0x12a32</run_address>
         <size>0x1e6</size>
         <input_file_ref idref="fl-de"/>
      </object_component>
      <object_component id="oc-fc">
         <name>.debug_info</name>
         <load_address>0x12c18</load_address>
         <run_address>0x12c18</run_address>
         <size>0x244</size>
         <input_file_ref idref="fl-de"/>
      </object_component>
      <object_component id="oc-102">
         <name>.debug_info</name>
         <load_address>0x12e5c</load_address>
         <run_address>0x12e5c</run_address>
         <size>0x21e</size>
         <input_file_ref idref="fl-de"/>
      </object_component>
      <object_component id="oc-228">
         <name>.debug_info</name>
         <load_address>0x1307a</load_address>
         <run_address>0x1307a</run_address>
         <size>0x51</size>
         <input_file_ref idref="fl-de"/>
      </object_component>
      <object_component id="oc-19b">
         <name>.debug_info</name>
         <load_address>0x130cb</load_address>
         <run_address>0x130cb</run_address>
         <size>0x2e2</size>
         <input_file_ref idref="fl-df"/>
      </object_component>
      <object_component id="oc-109">
         <name>.debug_info</name>
         <load_address>0x133ad</load_address>
         <run_address>0x133ad</run_address>
         <size>0x1ca</size>
         <input_file_ref idref="fl-df"/>
      </object_component>
      <object_component id="oc-10f">
         <name>.debug_info</name>
         <load_address>0x13577</load_address>
         <run_address>0x13577</run_address>
         <size>0x1e0</size>
         <input_file_ref idref="fl-df"/>
      </object_component>
      <object_component id="oc-114">
         <name>.debug_info</name>
         <load_address>0x13757</load_address>
         <run_address>0x13757</run_address>
         <size>0x190</size>
         <input_file_ref idref="fl-df"/>
      </object_component>
      <object_component id="oc-11b">
         <name>.debug_info</name>
         <load_address>0x138e7</load_address>
         <run_address>0x138e7</run_address>
         <size>0x18a</size>
         <input_file_ref idref="fl-df"/>
      </object_component>
      <object_component id="oc-307">
         <name>.debug_info</name>
         <load_address>0x13a71</load_address>
         <run_address>0x13a71</run_address>
         <size>0x368</size>
         <input_file_ref idref="fl-e0"/>
      </object_component>
      <object_component id="oc-2e8">
         <name>.debug_info</name>
         <load_address>0x13dd9</load_address>
         <run_address>0x13dd9</run_address>
         <size>0x1f3</size>
         <input_file_ref idref="fl-e0"/>
      </object_component>
      <object_component id="oc-2e2">
         <name>.debug_info</name>
         <load_address>0x13fcc</load_address>
         <run_address>0x13fcc</run_address>
         <size>0x1e8</size>
         <input_file_ref idref="fl-e0"/>
      </object_component>
      <object_component id="oc-2dc">
         <name>.debug_info</name>
         <load_address>0x141b4</load_address>
         <run_address>0x141b4</run_address>
         <size>0x1f5</size>
         <input_file_ref idref="fl-e0"/>
      </object_component>
      <object_component id="oc-203">
         <name>.debug_info</name>
         <load_address>0x143a9</load_address>
         <run_address>0x143a9</run_address>
         <size>0x17b</size>
         <input_file_ref idref="fl-e1"/>
      </object_component>
      <object_component id="oc-33a">
         <name>.debug_info</name>
         <load_address>0x14524</load_address>
         <run_address>0x14524</run_address>
         <size>0xac</size>
      </object_component>
      <object_component id="oc-215">
         <name>.debug_line</name>
         <load_address>0x0</load_address>
         <run_address>0x0</run_address>
         <size>0x17d</size>
         <input_file_ref idref="fl-2"/>
      </object_component>
      <object_component id="oc-20c">
         <name>.debug_line</name>
         <load_address>0x17d</load_address>
         <run_address>0x17d</run_address>
         <size>0x31</size>
         <input_file_ref idref="fl-2"/>
      </object_component>
      <object_component id="oc-20a">
         <name>.debug_line</name>
         <load_address>0x1ae</load_address>
         <run_address>0x1ae</run_address>
         <size>0x31</size>
         <input_file_ref idref="fl-2"/>
      </object_component>
      <object_component id="oc-213">
         <name>.debug_line</name>
         <load_address>0x1df</load_address>
         <run_address>0x1df</run_address>
         <size>0x31</size>
         <input_file_ref idref="fl-2"/>
      </object_component>
      <object_component id="oc-b2">
         <name>.debug_line</name>
         <load_address>0x210</load_address>
         <run_address>0x210</run_address>
         <size>0x203</size>
         <input_file_ref idref="fl-2"/>
      </object_component>
      <object_component id="oc-210">
         <name>.debug_line</name>
         <load_address>0x413</load_address>
         <run_address>0x413</run_address>
         <size>0x31</size>
         <input_file_ref idref="fl-2"/>
      </object_component>
      <object_component id="oc-1db">
         <name>.debug_line</name>
         <load_address>0x444</load_address>
         <run_address>0x444</run_address>
         <size>0x63</size>
         <input_file_ref idref="fl-2"/>
      </object_component>
      <object_component id="oc-d0">
         <name>.debug_line</name>
         <load_address>0x4a7</load_address>
         <run_address>0x4a7</run_address>
         <size>0x20</size>
         <input_file_ref idref="fl-2"/>
      </object_component>
      <object_component id="oc-86">
         <name>.debug_line</name>
         <load_address>0x4c7</load_address>
         <run_address>0x4c7</run_address>
         <size>0x65</size>
         <input_file_ref idref="fl-2"/>
      </object_component>
      <object_component id="oc-1e0">
         <name>.debug_line</name>
         <load_address>0x52c</load_address>
         <run_address>0x52c</run_address>
         <size>0x65</size>
         <input_file_ref idref="fl-2"/>
      </object_component>
      <object_component id="oc-2c3">
         <name>.debug_line</name>
         <load_address>0x591</load_address>
         <run_address>0x591</run_address>
         <size>0x8e</size>
         <input_file_ref idref="fl-3"/>
      </object_component>
      <object_component id="oc-2bd">
         <name>.debug_line</name>
         <load_address>0x61f</load_address>
         <run_address>0x61f</run_address>
         <size>0x31</size>
         <input_file_ref idref="fl-3"/>
      </object_component>
      <object_component id="oc-2bf">
         <name>.debug_line</name>
         <load_address>0x650</load_address>
         <run_address>0x650</run_address>
         <size>0x31</size>
         <input_file_ref idref="fl-3"/>
      </object_component>
      <object_component id="oc-2c1">
         <name>.debug_line</name>
         <load_address>0x681</load_address>
         <run_address>0x681</run_address>
         <size>0x31</size>
         <input_file_ref idref="fl-3"/>
      </object_component>
      <object_component id="oc-2bb">
         <name>.debug_line</name>
         <load_address>0x6b2</load_address>
         <run_address>0x6b2</run_address>
         <size>0x31</size>
         <input_file_ref idref="fl-3"/>
      </object_component>
      <object_component id="oc-150">
         <name>.debug_line</name>
         <load_address>0x6e3</load_address>
         <run_address>0x6e3</run_address>
         <size>0xdb</size>
         <input_file_ref idref="fl-3"/>
      </object_component>
      <object_component id="oc-220">
         <name>.debug_line</name>
         <load_address>0x7be</load_address>
         <run_address>0x7be</run_address>
         <size>0x65</size>
         <input_file_ref idref="fl-4"/>
      </object_component>
      <object_component id="oc-f0">
         <name>.debug_line</name>
         <load_address>0x823</load_address>
         <run_address>0x823</run_address>
         <size>0xa8</size>
         <input_file_ref idref="fl-4"/>
      </object_component>
      <object_component id="oc-224">
         <name>.debug_line</name>
         <load_address>0x8cb</load_address>
         <run_address>0x8cb</run_address>
         <size>0x65</size>
         <input_file_ref idref="fl-4"/>
      </object_component>
      <object_component id="oc-40">
         <name>.debug_line</name>
         <load_address>0x930</load_address>
         <run_address>0x930</run_address>
         <size>0x20</size>
         <input_file_ref idref="fl-4"/>
      </object_component>
      <object_component id="oc-82">
         <name>.debug_line</name>
         <load_address>0x950</load_address>
         <run_address>0x950</run_address>
         <size>0x41</size>
         <input_file_ref idref="fl-5"/>
      </object_component>
      <object_component id="oc-35">
         <name>.debug_line</name>
         <load_address>0x991</load_address>
         <run_address>0x991</run_address>
         <size>0x41</size>
         <input_file_ref idref="fl-5"/>
      </object_component>
      <object_component id="oc-33">
         <name>.debug_line</name>
         <load_address>0x9d2</load_address>
         <run_address>0x9d2</run_address>
         <size>0xa1</size>
         <input_file_ref idref="fl-5"/>
      </object_component>
      <object_component id="oc-2af">
         <name>.debug_line</name>
         <load_address>0xa73</load_address>
         <run_address>0xa73</run_address>
         <size>0x20</size>
         <input_file_ref idref="fl-6"/>
      </object_component>
      <object_component id="oc-2a7">
         <name>.debug_line</name>
         <load_address>0xa93</load_address>
         <run_address>0xa93</run_address>
         <size>0x30</size>
         <input_file_ref idref="fl-6"/>
      </object_component>
      <object_component id="oc-2a9">
         <name>.debug_line</name>
         <load_address>0xac3</load_address>
         <run_address>0xac3</run_address>
         <size>0x30</size>
         <input_file_ref idref="fl-6"/>
      </object_component>
      <object_component id="oc-2ab">
         <name>.debug_line</name>
         <load_address>0xaf3</load_address>
         <run_address>0xaf3</run_address>
         <size>0x30</size>
         <input_file_ref idref="fl-6"/>
      </object_component>
      <object_component id="oc-2ad">
         <name>.debug_line</name>
         <load_address>0xb23</load_address>
         <run_address>0xb23</run_address>
         <size>0x30</size>
         <input_file_ref idref="fl-6"/>
      </object_component>
      <object_component id="oc-14b">
         <name>.debug_line</name>
         <load_address>0xb53</load_address>
         <run_address>0xb53</run_address>
         <size>0x643</size>
         <input_file_ref idref="fl-6"/>
      </object_component>
      <object_component id="oc-29d">
         <name>.debug_line</name>
         <load_address>0x1196</load_address>
         <run_address>0x1196</run_address>
         <size>0xb0</size>
         <input_file_ref idref="fl-7"/>
      </object_component>
      <object_component id="oc-146">
         <name>.debug_line</name>
         <load_address>0x1246</load_address>
[...]
         <name>ychOledCur</name>
         <value>0x200009d4</value>
      </symbol>
      <symbol id="sm-2b8">
         <name>xchOledMax</name>
         <value>0x200009cc</value>
      </symbol>
      <symbol id="sm-2b9">
         <name>ychOledMax</name>
         <value>0x200009d8</value>
      </symbol>
      <symbol id="sm-2ba">
         <name>rgbOledFontUser</name>
         <value>0x20000870</value>
      </symbol>
      <symbol id="sm-2bb">
         <name>OrbitOledPutString</name>
         <value>0x25e9</value>
         <object_component_ref idref="oc-1b7"/>
      </symbol>
      <symbol id="sm-2bc">
         <name>OrbitOledGetCharUpdate</name>
         <value>0x25c5</value>
         <object_component_ref idref="oc-1b7"/>
      </symbol>
      <symbol id="sm-2bd">
         <name>OrbitOledSetCharUpdate</name>
         <value>0x25ad</value>
         <object_component_ref idref="oc-1b7"/>
      </symbol>
      <symbol id="sm-2be">
         <name>OrbitOledDrawGlyph</name>
         <value>0x2615</value>
         <object_component_ref idref="oc-1b7"/>
      </symbol>
      <symbol id="sm-2bf">
         <name>OrbitOledDefUserChar</name>
         <value>0x255d</value>
         <object_component_ref idref="oc-1b7"/>
      </symbol>
      <symbol id="sm-2c0">
         <name>OrbitOledGetCursor</name>
         <value>0x2541</value>
         <object_component_ref idref="oc-1b7"/>
      </symbol>
      <symbol id="sm-2c1">
         <name>OrbitOledSetCursor</name>
         <value>0x24f5</value>
         <object_component_ref idref="oc-1b7"/>
      </symbol>
      <symbol id="sm-2c2">
         <name>OrbitOledPutChar</name>
         <value>0x25cb</value>
         <object_component_ref idref="oc-1b7"/>
      </symbol>
      <symbol id="sm-2c3">
         <name>OrbitOledAdvanceCursor</name>
         <value>0x268d</value>
         <object_component_ref idref="oc-1b7"/>
      </symbol>
      <symbol id="sm-360">
         <name>pfnDoRop</name>
         <value>0x200009c4</value>
      </symbol>
      <symbol id="sm-361">
         <name>modOledCur</name>
         <value>0x200009b0</value>
      </symbol>
      <symbol id="sm-362">
         <name>OrbitOledGetPixel</name>
         <value>0x1013</value>
         <object_component_ref idref="oc-23a"/>
      </symbol>
      <symbol id="sm-363">
         <name>OrbitOledMoveUp</name>
         <value>0x1741</value>
         <object_component_ref idref="oc-23a"/>
      </symbol>
      <symbol id="sm-364">
         <name>OrbitOledMoveTo</name>
         <value>0xef1</value>
         <object_component_ref idref="oc-23a"/>
      </symbol>
      <symbol id="sm-365">
         <name>OrbitOledGetDrawMode</name>
         <value>0xfe1</value>
         <object_component_ref idref="oc-23a"/>
      </symbol>
      <symbol id="sm-366">
         <name>OrbitOledDrawPixel</name>
         <value>0xfe7</value>
         <object_component_ref idref="oc-23a"/>
      </symbol>
      <symbol id="sm-367">
         <name>OrbitOledDrawString</name>
         <value>0x1683</value>
         <object_component_ref idref="oc-23a"/>
      </symbol>
      <symbol id="sm-368">
         <name>OrbitOledDrawChar</name>
         <value>0x1623</value>
         <object_component_ref idref="oc-23a"/>
      </symbol>
      <symbol id="sm-369">
         <name>OrbitOledMoveDown</name>
         <value>0x1779</value>
         <object_component_ref idref="oc-23a"/>
      </symbol>
      <symbol id="sm-36a">
         <name>OrbitOledMoveRight</name>
         <value>0x17c7</value>
         <object_component_ref idref="oc-23a"/>
      </symbol>
      <symbol id="sm-36b">
         <name>OrbitOledFillRect</name>
         <value>0x11b1</value>
         <object_component_ref idref="oc-23a"/>
      </symbol>
      <symbol id="sm-36c">
         <name>OrbitOledLineTo</name>
         <value>0x102d</value>
         <object_component_ref idref="oc-23a"/>
      </symbol>
      <symbol id="sm-36d">
         <name>OrbitOledGetStdPattern</name>
         <value>0xf6b</value>
         <object_component_ref idref="oc-23a"/>
      </symbol>
      <symbol id="sm-36e">
         <name>OrbitOledSetDrawColor</name>
         <value>0xf53</value>
         <object_component_ref idref="oc-23a"/>
      </symbol>
      <symbol id="sm-36f">
         <name>OrbitOledDrawRect</name>
         <value>0x112d</value>
         <object_component_ref idref="oc-23a"/>
      </symbol>
      <symbol id="sm-370">
         <name>OrbitOledClampYco</name>
         <value>0x1801</value>
         <object_component_ref idref="oc-23a"/>
      </symbol>
      <symbol id="sm-371">
         <name>OrbitOledGetPos</name>
         <value>0xf37</value>
         <object_component_ref idref="oc-23a"/>
      </symbol>
      <symbol id="sm-372">
         <name>OrbitOledRopSet</name>
         <value>0x16a1</value>
         <object_component_ref idref="oc-23a"/>
      </symbol>
      <symbol id="sm-373">
         <name>OrbitOledRopXor</name>
         <value>0x1713</value>
         <object_component_ref idref="oc-23a"/>
      </symbol>
      <symbol id="sm-374">
         <name>OrbitOledGetBmp</name>
         <value>0x12f5</value>
         <object_component_ref idref="oc-23a"/>
      </symbol>
      <symbol id="sm-375">
         <name>OrbitOledMoveLeft</name>
         <value>0x17af</value>
         <object_component_ref idref="oc-23a"/>
      </symbol>
      <symbol id="sm-376">
         <name>OrbitOledRopAnd</name>
         <value>0x16ef</value>
         <object_component_ref idref="oc-23a"/>
      </symbol>
      <symbol id="sm-377">
         <name>OrbitOledPutBmp</name>
         <value>0x1455</value>
         <object_component_ref idref="oc-23a"/>
      </symbol>
      <symbol id="sm-378">
         <name>OrbitOledSetDrawMode</name>
         <value>0xf8d</value>
         <object_component_ref idref="oc-23a"/>
      </symbol>
      <symbol id="sm-379">
         <name>OrbitOledClampXco</name>
         <value>0x17e1</value>
         <object_component_ref idref="oc-23a"/>
      </symbol>
      <symbol id="sm-37a">
         <name>OrbitOledSetFillPattern</name>
         <value>0xf7d</value>
         <object_component_ref idref="oc-23a"/>
      </symbol>
      <symbol id="sm-37b">
         <name>OrbitOledRopOr</name>
         <value>0x16cb</value>
         <object_component_ref idref="oc-23a"/>
      </symbol>
      <symbol id="sm-38d">
         <name>DelayMs</name>
         <value>0x2e33</value>
         <object_component_ref idref="oc-24f"/>
      </symbol>
      <symbol id="sm-38e">
         <name>DelayInit</name>
         <value>0x2e19</value>
         <object_component_ref idref="oc-24f"/>
      </symbol>
      <symbol id="sm-39f">
         <name>_c_int00</name>
         <value>0x2e75</value>
         <object_component_ref idref="oc-24"/>
      </symbol>
      <symbol id="sm-3a0">
         <name>__stack</name>
         <value>0x200009e4</value>
         <object_component_ref idref="oc-2a"/>
      </symbol>
      <symbol id="sm-3be">
         <name>__TI_decompress_lzss</name>
         <value>0x2d51</value>
         <object_component_ref idref="oc-12"/>
      </symbol>
      <symbol id="sm-3d5">
         <name>__TI_decompress_none</name>
         <value>0x32f9</value>
         <object_component_ref idref="oc-18"/>
      </symbol>
      <symbol id="sm-3ec">
         <name>__TI_zero_init</name>
         <value>0x331f</value>
         <object_component_ref idref="oc-1e"/>
      </symbol>
      <symbol id="sm-40d">
         <name>C$$EXIT</name>
         <value>0x2ec9</value>
         <object_component_ref idref="oc-72"/>
      </symbol>
      <symbol id="sm-40e">
         <name>abort</name>
         <value>0x2ecd</value>
         <object_component_ref idref="oc-72"/>
      </symbol>
      <symbol id="sm-40f">
         <name>exit</name>
         <value>0x2ed5</value>
         <object_component_ref idref="oc-72"/>
      </symbol>
      <symbol id="sm-410">
         <name>__TI_dtors_ptr</name>
         <value>0x20000be8</value>
         <object_component_ref idref="oc-b6"/>
      </symbol>
      <symbol id="sm-411">
         <name>__TI_cleanup_ptr</name>
         <value>0x20000be4</value>
         <object_component_ref idref="oc-b6"/>
      </symbol>
      <symbol id="sm-412">
         <name>__TI_enable_exit_profile_output</name>
         <value>0x20000bec</value>
         <object_component_ref idref="oc-b6"/>
      </symbol>
      <symbol id="sm-42d">
         <name>memcpy</name>
         <value>0x2ae9</value>
         <object_component_ref idref="oc-42"/>
      </symbol>
      <symbol id="sm-42e">
         <name>__aeabi_memcpy</name>
         <value>0x2ae9</value>
         <object_component_ref idref="oc-42"/>
      </symbol>
      <symbol id="sm-42f">
         <name>__aeabi_memcpy8</name>
         <value>0x2ae9</value>
         <object_component_ref idref="oc-42"/>
      </symbol>
      <symbol id="sm-430">
         <name>__aeabi_memcpy4</name>
         <value>0x2ae9</value>
         <object_component_ref idref="oc-42"/>
      </symbol>
      <symbol id="sm-4a7">
         <name>_sys_memory</name>
         <value>0x20000270</value>
         <object_component_ref idref="oc-2b"/>
      </symbol>
      <symbol id="sm-4a8">
         <name>free</name>
         <value>0x192b</value>
         <object_component_ref idref="oc-18b"/>
      </symbol>
      <symbol id="sm-4a9">
         <name>realloc</name>
         <value>0x19eb</value>
         <object_component_ref idref="oc-18b"/>
      </symbol>
      <symbol id="sm-4aa">
         <name>memalign</name>
         <value>0x1af5</value>
         <object_component_ref idref="oc-18b"/>
      </symbol>
      <symbol id="sm-4ab">
         <name>calloc</name>
         <value>0x1be1</value>
         <object_component_ref idref="oc-18b"/>
      </symbol>
      <symbol id="sm-4ac">
         <name>malloc</name>
         <value>0x18c1</value>
         <object_component_ref idref="oc-18b"/>
      </symbol>
      <symbol id="sm-4ad">
         <name>minit</name>
         <value>0x1841</value>
         <object_component_ref idref="oc-18b"/>
      </symbol>
      <symbol id="sm-4bc">
         <name>__aeabi_memset</name>
         <value>0x2c01</value>
         <object_component_ref idref="oc-4e"/>
      </symbol>
      <symbol id="sm-4bd">
         <name>memset</name>
         <value>0x2c07</value>
         <object_component_ref idref="oc-4e"/>
      </symbol>
      <symbol id="sm-4be">
         <name>__aeabi_memset8</name>
         <value>0x2c01</value>
         <object_component_ref idref="oc-4e"/>
      </symbol>
      <symbol id="sm-4bf">
         <name>__aeabi_memset4</name>
         <value>0x2c01</value>
         <object_component_ref idref="oc-4e"/>
      </symbol>
      <symbol id="sm-4c0">
         <name>__aeabi_memclr8</name>
         <value>0x2bff</value>
         <object_component_ref idref="oc-4e"/>
      </symbol>
      <symbol id="sm-4c1">
         <name>__aeabi_memclr4</name>
         <value>0x2bff</value>
         <object_component_ref idref="oc-4e"/>
      </symbol>
      <symbol id="sm-4c2">
         <name>__aeabi_memclr</name>
         <value>0x2bff</value>
         <object_component_ref idref="oc-4e"/>
      </symbol>
      <symbol id="sm-4cc">
         <name>__mpu_init</name>
         <value>0x31c7</value>
         <object_component_ref idref="oc-5a"/>
      </symbol>
      <symbol id="sm-4d6">
         <name>_system_pre_init</name>
         <value>0x337f</value>
         <object_component_ref idref="oc-60"/>
      </symbol>
      <symbol id="sm-4de">
         <name>main_func_sp</name>
         <value>0x20000c04</value>
         <object_component_ref idref="oc-78"/>
      </symbol>
      <symbol id="sm-4ed">
         <name>__aeabi_uidivmod</name>
         <value>0x3099</value>
         <object_component_ref idref="oc-1c5"/>
      </symbol>
      <symbol id="sm-4ee">
         <name>__aeabi_uidiv</name>
         <value>0x3099</value>
         <object_component_ref idref="oc-1c5"/>
      </symbol>
      <symbol id="sm-507">
         <name>_nop</name>
         <value>0x32a7</value>
         <object_component_ref idref="oc-170"/>
      </symbol>
      <symbol id="sm-508">
         <name>_lock</name>
         <value>0x20000bfc</value>
         <object_component_ref idref="oc-b9"/>
      </symbol>
      <symbol id="sm-509">
         <name>_unlock</name>
         <value>0x20000c00</value>
         <object_component_ref idref="oc-b9"/>
      </symbol>
      <symbol id="sm-50a">
         <name>_register_lock</name>
         <value>0x329f</value>
         <object_component_ref idref="oc-170"/>
      </symbol>
      <symbol id="sm-50b">
         <name>_register_unlock</name>
         <value>0x3299</value>
         <object_component_ref idref="oc-170"/>
      </symbol>
      <symbol id="sm-51f">
         <name>_args_main</name>
         <value>0x322d</value>
         <object_component_ref idref="oc-6c"/>
      </symbol>
      <symbol id="sm-549">
         <name>__TI_auto_init</name>
         <value>0x2c79</value>
         <object_component_ref idref="oc-66"/>
      </symbol>
      <symbol id="sm-563">
         <name>copy_in</name>
         <value>0x3009</value>
         <object_component_ref idref="oc-a0"/>
      </symbol>
      <symbol id="sm-56d">
         <name>__aeabi_idiv0</name>
         <value>0x282b</value>
         <object_component_ref idref="oc-29e"/>
      </symbol>
      <symbol id="sm-577">
         <name>_system_post_cinit</name>
         <value>0x3383</value>
         <object_component_ref idref="oc-a6"/>
      </symbol>
      <symbol id="sm-5d5">
         <name>ADCProcessorTrigger</name>
         <value>0x31fd</value>
         <object_component_ref idref="oc-e3"/>
      </symbol>
      <symbol id="sm-5d6">
         <name>ADCSequenceEnable</name>
         <value>0x32dd</value>
         <object_component_ref idref="oc-131"/>
      </symbol>
      <symbol id="sm-5d7">
         <name>ADCSequenceConfigure</name>
         <value>0x2f1d</value>
         <object_component_ref idref="oc-125"/>
      </symbol>
      <symbol id="sm-5d8">
         <name>ADCIntEnable</name>
         <value>0x32ad</value>
         <object_component_ref idref="oc-13d"/>
      </symbol>
      <symbol id="sm-5d9">
         <name>ADCSequenceStepConfigure</name>
         <value>0x2b85</value>
         <object_component_ref idref="oc-12b"/>
      </symbol>
      <symbol id="sm-5da">
         <name>ADCIntClear</name>
         <value>0x3337</value>
         <object_component_ref idref="oc-f5"/>
      </symbol>
      <symbol id="sm-5db">
         <name>ADCIntRegister</name>
         <value>0x31e5</value>
         <object_component_ref idref="oc-137"/>
      </symbol>
      <symbol id="sm-5dc">
         <name>ADCSequenceDataGet</name>
         <value>0x31a9</value>
         <object_component_ref idref="oc-e9"/>
      </symbol>
      <symbol id="sm-62f">
         <name>GPIOPinConfigure</name>
         <value>0x2fbd</value>
         <object_component_ref idref="oc-25b"/>
      </symbol>
      <symbol id="sm-630">
         <name>GPIOPinTypeGPIOInput</name>
         <value>0x3245</value>
         <object_component_ref idref="oc-1e2"/>
      </symbol>
      <symbol id="sm-631">
         <name>GPIOPinTypeGPIOOutput</name>
         <value>0x3215</value>
         <object_component_ref idref="oc-279"/>
      </symbol>
      <symbol id="sm-632">
         <name>GPIOPinRead</name>
         <value>0x3367</value>
         <object_component_ref idref="oc-1ee"/>
      </symbol>
      <symbol id="sm-633">
         <name>GPIODirModeSet</name>
         <value>0x317d</value>
         <object_component_ref idref="oc-2b0"/>
      </symbol>
      <symbol id="sm-634">
         <name>GPIOPinWrite</name>
         <value>0x336d</value>
         <object_component_ref idref="oc-273"/>
      </symbol>
      <symbol id="sm-635">
         <name>GPIOPadConfigSet</name>
         <value>0x26f9</value>
         <object_component_ref idref="oc-1e8"/>
      </symbol>
      <symbol id="sm-636">
         <name>GPIOPinTypeSSI</name>
         <value>0x325b</value>
         <object_component_ref idref="oc-255"/>
      </symbol>
      <symbol id="sm-670">
         <name>IntEnable</name>
         <value>0x2ce9</value>
         <object_component_ref idref="oc-1af"/>
      </symbol>
      <symbol id="sm-671">
         <name>IntRegister</name>
         <value>0x3115</value>
         <object_component_ref idref="oc-19c"/>
      </symbol>
      <symbol id="sm-672">
         <name>g_pfnRAMVectors</name>
         <value>0x20000000</value>
         <object_component_ref idref="oc-230"/>
      </symbol>
      <symbol id="sm-673">
         <name>IntMasterEnable</name>
         <value>0x32bd</value>
         <object_component_ref idref="oc-155"/>
      </symbol>
      <symbol id="sm-6ab">
         <name>SSIDataPut</name>
         <value>0x3341</value>
         <object_component_ref idref="oc-285"/>
      </symbol>
      <symbol id="sm-6ac">
         <name>SSIDataGet</name>
         <value>0x3313</value>
         <object_component_ref idref="oc-28b"/>
      </symbol>
      <symbol id="sm-6ad">
         <name>SSIConfigSetExpClk</name>
         <value>0x30d9</value>
         <object_component_ref idref="oc-267"/>
      </symbol>
      <symbol id="sm-6ae">
         <name>SSIEnable</name>
         <value>0x334b</value>
         <object_component_ref idref="oc-26d"/>
      </symbol>
      <symbol id="sm-6af">
         <name>SSIClockSourceSet</name>
         <value>0x3373</value>
         <object_component_ref idref="oc-261"/>
      </symbol>
      <symbol id="sm-6b0">
         <name>SSIBusy</name>
         <value>0x335f</value>
         <object_component_ref idref="oc-27f"/>
      </symbol>
      <symbol id="sm-701">
         <name>SysCtlClockSet</name>
         <value>0x293d</value>
         <object_component_ref idref="oc-fb"/>
      </symbol>
      <symbol id="sm-702">
         <name>SysCtlDelay</name>
         <value>0x3379</value>
         <object_component_ref idref="oc-15b"/>
      </symbol>
      <symbol id="sm-703">
         <name>SysCtlPeripheralEnable</name>
         <value>0x3149</value>
         <object_component_ref idref="oc-11f"/>
      </symbol>
      <symbol id="sm-704">
         <name>SysCtlClockGet</name>
         <value>0x282d</value>
         <object_component_ref idref="oc-101"/>
      </symbol>
      <symbol id="sm-731">
         <name>SysTickEnable</name>
         <value>0x3271</value>
         <object_component_ref idref="oc-119"/>
      </symbol>
      <symbol id="sm-732">
         <name>SysTickIntRegister</name>
         <value>0x31c9</value>
         <object_component_ref idref="oc-10d"/>
      </symbol>
      <symbol id="sm-733">
         <name>SysTickIntEnable</name>
         <value>0x3285</value>
         <object_component_ref idref="oc-113"/>
      </symbol>
      <symbol id="sm-734">
         <name>SysTickPeriodSet</name>
         <value>0x32cd</value>
         <object_component_ref idref="oc-107"/>
      </symbol>
      <symbol id="sm-758">
         <name>TimerEnable</name>
         <value>0x32eb</value>
         <object_component_ref idref="oc-2df"/>
      </symbol>
      <symbol id="sm-759">
         <name>TimerValueGet</name>
         <value>0x3355</value>
         <object_component_ref idref="oc-2e5"/>
      </symbol>
      <symbol id="sm-75a">
         <name>TimerConfigure</name>
         <value>0x2db9</value>
         <object_component_ref idref="oc-2d9"/>
      </symbol>
      <symbol id="sm-764">
         <name>CPUcpsie</name>
         <value>0x3307</value>
         <object_component_ref idref="oc-202"/>
      </symbol>
      <symbol id="sm-765">
         <name>__TI_static_base__</name>
         <value>0x0</value>
      </symbol>
      <symbol id="sm-768">
         <name>SHT$$INIT_ARRAY$$Limit</name>
         <value>0x0</value>
      </symbol>
      <symbol id="sm-769">
         <name>SHT$$INIT_ARRAY$$Base</name>
         <value>0x0</value>
      </symbol>
   </symbol_table>
   <title>Link successful</title>
</link_info>
