******************************************************************************
                  TI ARM Linker PC v16.9.9                     
******************************************************************************
>> Linked Wed Mar 13 17:49:14 2019

OUTPUT FILE NAME:   <ence361-project.out>
ENTRY POINT SYMBOL: "_c_int00"  address: 000003e1


MEMORY CONFIGURATION

         name            origin    length      used     unused   attr    fill
----------------------  --------  ---------  --------  --------  ----  --------
  FLASH                 00000000   00040000  0000057a  0003fa86  R  X
  SRAM                  20000000   00008000  00000218  00007de8  RW X


SEGMENT ALLOCATION MAP

run origin  load origin   length   init length attrs members
----------  ----------- ---------- ----------- ----- -------
00000000    00000000    0000057c   0000057c    r-x
  00000000    00000000    0000026c   0000026c    r-- .intvecs
  0000026c    0000026c    000002ea   000002ea    r-x .text
  00000558    00000558    00000024   00000024    r-- .cinit
20000000    20000000    00000218   00000000    rw-
  20000000    20000000    00000200   00000000    rw- .stack
  20000200    20000200    00000018   00000000    rw- .data


SECTION ALLOCATION MAP

 output                                  attributes/
section   page    origin      length       input sections
--------  ----  ----------  ----------   ----------------
.intvecs   0    00000000    0000026c     
                  00000000    0000026c     tm4c123gh6pm_startup_ccs.obj (.intvecs)

.text      0    0000026c    000002ea     
                  0000026c    0000009c     rtsv7M4_T_le_v4SPD16_eabi.lib : memcpy_t2.obj (.text)
                  00000308    00000070                                   : autoinit.obj (.text)
                  00000378    00000068                                   : copy_decompress_lzss.obj (.text:decompress:lzss)
                  000003e0    00000054                                   : boot.obj (.text)
                  00000434    00000054                                   : exit.obj (.text)
                  00000488    0000004c                                   : cpy_tbl.obj (.text)
                  000004d4    00000020     main.obj (.text)
                  000004f4    00000018     rtsv7M4_T_le_v4SPD16_eabi.lib : args_main.obj (.text)
                  0000050c    00000014     altitude.obj (.text)
                  00000520    00000014     rtsv7M4_T_le_v4SPD16_eabi.lib : _lock.obj (.text)
                  00000534    0000000e                                   : copy_decompress_none.obj (.text:decompress:none)
                  00000542    0000000c     tm4c123gh6pm_startup_ccs.obj (.text)
                  0000054e    00000004     rtsv7M4_T_le_v4SPD16_eabi.lib : pre_init.obj (.text)
                  00000552    00000002                                   : mpu_init.obj (.text)
                  00000554    00000002                                   : startup.obj (.text)

.cinit     0    00000558    00000024     
                  00000558    00000011     (.cinit..data.load) [load image, compression = lzss]
                  00000569    00000003     --HOLE-- [fill = 0]
                  0000056c    00000008     (__TI_handler_table)
                  00000574    00000008     (__TI_cinit_table)

.init_array 
*          0    00000000    00000000     UNINITIALIZED

.stack     0    20000000    00000200     UNINITIALIZED
                  20000000    00000200     --HOLE--

.data      0    20000200    00000018     UNINITIALIZED
                  20000200    0000000c     rtsv7M4_T_le_v4SPD16_eabi.lib : exit.obj (.data:$O1$$)
                  2000020c    00000008                                   : _lock.obj (.data:$O1$$)
                  20000214    00000004                                   : stkdepth_vars.obj (.data)

MODULE SUMMARY

       Module                         code   ro data   rw data
       ------                         ----   -------   -------
    .\
       tm4c123gh6pm_startup_ccs.obj   12     620       0      
       main.obj                       32     0         0      
       altitude.obj                   20     0         0      
    +--+------------------------------+------+---------+---------+
       Total:                         64     620       0      
                                                              
    C:\ti\ccsv7\tools\compiler\ti-cgt-arm_16.9.9.LTS\lib\rtsv7M4_T_le_v4SPD16_eabi.lib
       memcpy_t2.obj                  156    0         0      
       autoinit.obj                   112    0         0      
       copy_decompress_lzss.obj       104    0         0      
       exit.obj                       84     0         12     
       boot.obj                       84     0         0      
       cpy_tbl.obj                    76     0         0      
       _lock.obj                      20     0         8      
       args_main.obj                  24     0         0      
       copy_decompress_none.obj       14     0         0      
       pre_init.obj                   4      0         0      
       stkdepth_vars.obj              0      0         4      
       mpu_init.obj                   2      0         0      
       startup.obj                    2      0         0      
    +--+------------------------------+------+---------+---------+
       Total:                         682    0         24     
                                                              
       Stack:                         0      0         512    
       Linker Generated:              0      33        0      
    +--+------------------------------+------+---------+---------+
       Grand Total:                   746    653       536    


LINKER GENERATED COPY TABLES

__TI_cinit_table @ 00000574 records: 1, size/record: 8, table size: 8
	.data: load addr=00000558, load size=00000011 bytes, run addr=20000200, run size=00000018 bytes, compression=lzss


LINKER GENERATED HANDLER TABLE

__TI_handler_table @ 0000056c records: 2, size/record: 4, table size: 8
	index: 0, handler: __TI_decompress_lzss
	index: 1, handler: __TI_decompress_none


GLOBAL SYMBOLS: SORTED ALPHABETICALLY BY Name 

address   name                           
-------   ----                           
00000515  AltitudeCalculateMeans         
00000517  AltitudeCalibrate              
0000051d  AltitudeGetMeanFlag            
0000051b  AltitudeGetMeanPercent         
00000519  AltitudeGetMeanRaw             
00000511  AltitudeMeanInit               
00000513  AltitudeMeanIntHandler         
0000051f  AltitudeResetMeanFlag          
0000050d  AltitudeSamplingInit           
0000050f  AltitudeSamplingIntHandler     
00000435  C$$EXIT                        
00000543  ResetISR                       
UNDEFED   SHT$$INIT_ARRAY$$Base          
UNDEFED   SHT$$INIT_ARRAY$$Limit         
20000200  __STACK_END                    
00000200  __STACK_SIZE                   
20000200  __STACK_TOP                    
00000574  __TI_CINIT_Base                
0000057c  __TI_CINIT_Limit               
0000056c  __TI_Handler_Table_Base        
00000574  __TI_Handler_Table_Limit       
00000309  __TI_auto_init                 
20000200  __TI_cleanup_ptr               
00000379  __TI_decompress_lzss           
00000535  __TI_decompress_none           
20000204  __TI_dtors_ptr                 
20000208  __TI_enable_exit_profile_output
ffffffff  __TI_pprof_out_hndl            
ffffffff  __TI_prof_data_size            
ffffffff  __TI_prof_data_start           
00000000  __TI_static_base__             
0000026d  __aeabi_memcpy                 
0000026d  __aeabi_memcpy4                
0000026d  __aeabi_memcpy8                
ffffffff  __binit__                      
ffffffff  __c_args__                     
00000553  __mpu_init                     
20000000  __stack                        
000004f5  _args_main                     
000003e1  _c_int00                       
2000020c  _lock                          
0000052f  _nop                           
00000527  _register_lock                 
00000521  _register_unlock               
00000555  _system_post_cinit             
0000054f  _system_pre_init               
20000210  _unlock                        
00000439  abort                          
ffffffff  binit                          
00000489  copy_in                        
00000441  exit                           
00000000  g_pfnVectors                   
000004d5  main                           
20000214  main_func_sp                   
0000026d  memcpy                         


GLOBAL SYMBOLS: SORTED BY Symbol Address 

address   name                           
-------   ----                           
00000000  __TI_static_base__             
00000000  g_pfnVectors                   
00000200  __STACK_SIZE                   
0000026d  __aeabi_memcpy                 
0000026d  __aeabi_memcpy4                
0000026d  __aeabi_memcpy8                
0000026d  memcpy                         
00000309  __TI_auto_init                 
00000379  __TI_decompress_lzss           
000003e1  _c_int00                       
00000435  C$$EXIT                        
00000439  abort                          
00000441  exit                           
00000489  copy_in                        
000004d5  main                           
000004f5  _args_main                     
0000050d  AltitudeSamplingInit           
0000050f  AltitudeSamplingIntHandler     
00000511  AltitudeMeanInit               
00000513  AltitudeMeanIntHandler         
00000515  AltitudeCalculateMeans         
00000517  AltitudeCalibrate              
00000519  AltitudeGetMeanRaw             
0000051b  AltitudeGetMeanPercent         
0000051d  AltitudeGetMeanFlag            
0000051f  AltitudeResetMeanFlag          
00000521  _register_unlock               
00000527  _register_lock                 
0000052f  _nop                           
00000535  __TI_decompress_none           
00000543  ResetISR                       
0000054f  _system_pre_init               
00000553  __mpu_init                     
00000555  _system_post_cinit             
0000056c  __TI_Handler_Table_Base        
00000574  __TI_CINIT_Base                
00000574  __TI_Handler_Table_Limit       
0000057c  __TI_CINIT_Limit               
20000000  __stack                        
20000200  __STACK_END                    
20000200  __STACK_TOP                    
20000200  __TI_cleanup_ptr               
20000204  __TI_dtors_ptr                 
20000208  __TI_enable_exit_profile_output
2000020c  _lock                          
20000210  _unlock                        
20000214  main_func_sp                   
ffffffff  __TI_pprof_out_hndl            
ffffffff  __TI_prof_data_size            
ffffffff  __TI_prof_data_start           
ffffffff  __binit__                      
ffffffff  __c_args__                     
ffffffff  binit                          
UNDEFED   SHT$$INIT_ARRAY$$Base          
UNDEFED   SHT$$INIT_ARRAY$$Limit         

[55 symbols]
