******************************************************************************
                  TI ARM Linker PC v16.9.9                     
******************************************************************************
>> Linked Mon Mar 18 15:05:30 2019

OUTPUT FILE NAME:   <ence361-project.out>
ENTRY POINT SYMBOL: "_c_int00"  address: 00002e75


MEMORY CONFIGURATION

         name            origin    length      used     unused   attr    fill
----------------------  --------  ---------  --------  --------  ----  --------
  FLASH                 00000000   00040000  00003884  0003c77c  R  X
  SRAM                  20000000   00008000  00000c07  000073f9  RW X


SEGMENT ALLOCATION MAP

run origin  load origin   length   init length attrs members
----------  ----------- ---------- ----------- ----- -------
00000000    00000000    00003888   00003888    r-x
  00000000    00000000    0000026c   0000026c    r-- .intvecs
  0000026c    0000026c    00003118   00003118    r-x .text
  00003384    00003384    000004b0   000004b0    r-- .const
  00003838    00003838    00000050   00000050    r-- .cinit
20000000    20000000    00000c0e   00000000    rw-
  20000000    20000000    0000026c   00000000    rw- .vtable
  20000270    20000270    00000400   00000000    rw- .sysmem
  20000670    20000670    00000371   00000000    rw- .bss
  200009e4    200009e4    00000200   00000000    rw- .stack
  20000be4    20000be4    0000002a   00000000    rw- .data


SECTION ALLOCATION MAP

 output                                  attributes/
section   page    origin      length       input sections
--------  ----  ----------  ----------   ----------------
.intvecs   0    00000000    0000026c     
                  00000000    0000026c     tm4c123gh6pm_startup_ccs.obj (.intvecs)

.text      0    0000026c    00003118     
                  0000026c    00000c84     ustdlib.obj (.text)
                  00000ef0    00000950     OrbitOledGrph.obj (.text)
                  00001840    000003d0     rtsv7M4_T_le_v4SPD16_eabi.lib : memory.obj (.text)
                  00001c10    0000037c     OrbitOled.obj (.text)
                  00001f8c    00000348     ADCdemo2.obj (.text)
                  000022d4    00000220     buttons4.obj (.text)
                  000024f4    00000204     OrbitOledChar.obj (.text)
                  000026f8    00000132     driverlib.lib : gpio.obj (.text:GPIOPadConfigSet)
                  0000282a    00000002     rtsv7M4_T_le_v4SPD16_eabi.lib : i_div0.obj (.text)
                  0000282c    00000110     driverlib.lib : sysctl.obj (.text:SysCtlClockGet)
                  0000293c    000000f4                   : sysctl.obj (.text:SysCtlClockSet)
                  00002a30    000000b8     circBufT.obj (.text)
                  00002ae8    0000009c     rtsv7M4_T_le_v4SPD16_eabi.lib : memcpy_t2.obj (.text)
                  00002b84    0000007a     driverlib.lib : adc.obj (.text:ADCSequenceStepConfigure)
                  00002bfe    0000007a     rtsv7M4_T_le_v4SPD16_eabi.lib : memset_t2.obj (.text)
                  00002c78    00000070                                   : autoinit.obj (.text)
                  00002ce8    00000068     driverlib.lib : interrupt.obj (.text:IntEnable)
                  00002d50    00000068     rtsv7M4_T_le_v4SPD16_eabi.lib : copy_decompress_lzss.obj (.text:decompress:lzss)
                  00002db8    00000060     driverlib.lib : timer.obj (.text:TimerConfigure)
                  00002e18    0000005c     delay.obj (.text)
                  00002e74    00000054     rtsv7M4_T_le_v4SPD16_eabi.lib : boot.obj (.text)
                  00002ec8    00000054                                   : exit.obj (.text)
                  00002f1c    00000050     driverlib.lib : adc.obj (.text:ADCSequenceConfigure)
                  00002f6c    00000050                   : adc.obj (.text:_ADCIntNumberGet)
                  00002fbc    0000004c                   : gpio.obj (.text:GPIOPinConfigure)
                  00003008    0000004c     rtsv7M4_T_le_v4SPD16_eabi.lib : cpy_tbl.obj (.text)
                  00003054    00000044     OrbitOLEDInterface.obj (.text)
                  00003098    00000040     rtsv7M4_T_le_v4SPD16_eabi.lib : u_divt2.obj (.text)
                  000030d8    0000003c     driverlib.lib : ssi.obj (.text:SSIConfigSetExpClk)
                  00003114    00000034                   : interrupt.obj (.text:IntRegister)
                  00003148    00000034                   : sysctl.obj (.text:SysCtlPeripheralEnable)
                  0000317c    0000002c                   : gpio.obj (.text:GPIODirModeSet)
                  000031a8    0000001e                   : adc.obj (.text:ADCSequenceDataGet)
                  000031c6    00000002     rtsv7M4_T_le_v4SPD16_eabi.lib : mpu_init.obj (.text)
                  000031c8    0000001c     driverlib.lib : systick.obj (.text:SysTickIntRegister)
                  000031e4    00000018                   : adc.obj (.text:ADCIntRegister)
                  000031fc    00000018                   : adc.obj (.text:ADCProcessorTrigger)
                  00003214    00000018                   : gpio.obj (.text:GPIOPinTypeGPIOOutput)
                  0000322c    00000018     rtsv7M4_T_le_v4SPD16_eabi.lib : args_main.obj (.text)
                  00003244    00000016     driverlib.lib : gpio.obj (.text:GPIOPinTypeGPIOInput)
                  0000325a    00000016                   : gpio.obj (.text:GPIOPinTypeSSI)
                  00003270    00000014                   : systick.obj (.text:SysTickEnable)
                  00003284    00000014                   : systick.obj (.text:SysTickIntEnable)
                  00003298    00000014     rtsv7M4_T_le_v4SPD16_eabi.lib : _lock.obj (.text)
                  000032ac    00000010     driverlib.lib : adc.obj (.text:ADCIntEnable)
                  000032bc    00000010                   : interrupt.obj (.text:IntMasterEnable)
                  000032cc    00000010                   : systick.obj (.text:SysTickPeriodSet)
                  000032dc    0000000e                   : adc.obj (.text:ADCSequenceEnable)
                  000032ea    0000000e                   : timer.obj (.text:TimerEnable)
                  000032f8    0000000e     rtsv7M4_T_le_v4SPD16_eabi.lib : copy_decompress_none.obj (.text:decompress:none)
                  00003306    0000000c     driverlib.lib : cpu.obj (.text:CPUcpsie)
                  00003312    0000000c                   : ssi.obj (.text:SSIDataGet)
                  0000331e    0000000c     rtsv7M4_T_le_v4SPD16_eabi.lib : copy_zero_init.obj (.text:decompress:ZI)
                  0000332a    0000000c     tm4c123gh6pm_startup_ccs.obj (.text)
                  00003336    0000000a     driverlib.lib : adc.obj (.text:ADCIntClear)
                  00003340    0000000a                   : ssi.obj (.text:SSIDataPut)
                  0000334a    0000000a                   : ssi.obj (.text:SSIEnable)
                  00003354    0000000a                   : timer.obj (.text:TimerValueGet)
                  0000335e    00000008                   : ssi.obj (.text:SSIBusy)
                  00003366    00000006                   : gpio.obj (.text:GPIOPinRead)
                  0000336c    00000006                   : gpio.obj (.text:GPIOPinWrite)
                  00003372    00000006                   : ssi.obj (.text:SSIClockSourceSet)
                  00003378    00000006                   : sysctl.obj (.text:SysCtlDelay)
                  0000337e    00000004     rtsv7M4_T_le_v4SPD16_eabi.lib : pre_init.obj (.text)
                  00003382    00000002                                   : startup.obj (.text)

.const     0    00003384    000004b0     
                  00003384    00000300     ChrFont0.obj (.const:.string:rgbOledFont0)
                  00003684    00000090     driverlib.lib : gpio.obj (.const:g_pui32GPIOBaseAddrs)
                  00003714    0000006c                   : sysctl.obj (.const:g_pui32Xtals)
                  00003780    00000040     FillPat.obj (.const:.string:rgbFillPat)
                  000037c0    00000030     ustdlib.obj (.const:g_psDaysToMonth)
                  000037f0    00000018     ustdlib.obj (.const:g_pfExponents)
                  00003808    00000014     driverlib.lib : interrupt.obj (.const:g_pui32EnRegs)
                  0000381c    00000012     ustdlib.obj (.const:.string)
                  0000382e    00000002     --HOLE-- [fill = 0]
                  00003830    00000004     ustdlib.obj (.const)

.cinit     0    00003838    00000050     
                  00003838    0000001c     (.cinit..data.load) [load image, compression = lzss]
                  00003854    0000000c     (__TI_handler_table)
                  00003860    00000008     (.cinit..bss.load) [load image, compression = zero_init]
                  00003868    00000008     (.cinit..vtable.load) [load image, compression = zero_init]
                  00003870    00000018     (__TI_cinit_table)

.init_array 
*          0    00000000    00000000     UNINITIALIZED

.vtable    0    20000000    0000026c     UNINITIALIZED
                  20000000    0000026c     driverlib.lib : interrupt.obj (.vtable)

.sysmem    0    20000270    00000400     UNINITIALIZED
                  20000270    00000008     rtsv7M4_T_le_v4SPD16_eabi.lib : memory.obj (.sysmem)
                  20000278    000003f8     --HOLE--

.bss       0    20000670    00000371     UNINITIALIZED
                  20000670    00000200     (.common:rgbOledBmp)
                  20000870    00000100     (.common:rgbOledFontUser)
                  20000970    00000010     ADCdemo2.obj (.bss)
                  20000980    00000010     ADCdemo2.obj (.bss:g_inBuffer)
                  20000990    00000004     buttons4.obj (.bss:but_count)
                  20000994    00000004     buttons4.obj (.bss:but_flag)
                  20000998    00000004     buttons4.obj (.bss:but_normal)
                  2000099c    00000004     buttons4.obj (.bss:but_state)
                  200009a0    00000004     (.common:bnOledCur)
                  200009a4    00000004     (.common:dxcoOledFontCur)
                  200009a8    00000004     (.common:dycoOledFontCur)
                  200009ac    00000004     (.common:fOledCharUpdate)
                  200009b0    00000004     (.common:modOledCur)
                  200009b4    00000004     (.common:pbOledCur)
                  200009b8    00000004     (.common:pbOledFontCur)
                  200009bc    00000004     (.common:pbOledFontUser)
                  200009c0    00000004     (.common:pbOledPatCur)
                  200009c4    00000004     (.common:pfnDoRop)
                  200009c8    00000004     (.common:xchOledCur)
                  200009cc    00000004     (.common:xchOledMax)
                  200009d0    00000004     (.common:xcoOledCur)
                  200009d4    00000004     (.common:ychOledCur)
                  200009d8    00000004     (.common:ychOledMax)
                  200009dc    00000004     (.common:ycoOledCur)
                  200009e0    00000001     (.common:clrOledCur)

.stack     0    200009e4    00000200     UNINITIALIZED
                  200009e4    00000200     --HOLE--

.data      0    20000be4    0000002a     UNINITIALIZED
                  20000be4    0000000c     rtsv7M4_T_le_v4SPD16_eabi.lib : exit.obj (.data:$O1$$)
                  20000bf0    0000000c                                   : memory.obj (.data:$O1$$)
                  20000bfc    00000008                                   : _lock.obj (.data:$O1$$)
                  20000c04    00000004                                   : stkdepth_vars.obj (.data)
                  20000c08    00000004     ustdlib.obj (.data)
                  20000c0c    00000002     ADCdemo2.obj (.data)

MODULE SUMMARY

       Module                         code    ro data   rw data
       ------                         ----    -------   -------
    .\
       ustdlib.obj                    3204    94        4      
       ADCdemo2.obj                   840     0         34     
       tm4c123gh6pm_startup_ccs.obj   12      620       0      
       buttons4.obj                   544     0         16     
       circBufT.obj                   184     0         0      
    +--+------------------------------+-------+---------+---------+
       Total:                         4784    714       54     
                                                               
    .\OrbitOLED\
       OrbitOLEDInterface.obj         68      0         0      
    +--+------------------------------+-------+---------+---------+
       Total:                         68      0         0      
                                                               
    .\OrbitOLED\lib_OrbitOled\
       OrbitOledGrph.obj              2384    0         8      
       OrbitOled.obj                  892     0         553    
       OrbitOledChar.obj              516     0         272    
       ChrFont0.obj                   0       768       0      
       delay.obj                      92      0         0      
       FillPat.obj                    0       64        0      
    +--+------------------------------+-------+---------+---------+
       Total:                         3884    832       833    
                                                               
    C:/ti/TivaWare_C_Series-2.1.4.178/driverlib/ccs/Debug/driverlib.lib
       interrupt.obj                  172     20        620    
       sysctl.obj                     574     108       0      
       gpio.obj                       506     144       0      
       adc.obj                        400     0         0      
       timer.obj                      120     0         0      
       ssi.obj                        106     0         0      
       systick.obj                    84      0         0      
       cpu.obj                        12      0         0      
    +--+------------------------------+-------+---------+---------+
       Total:                         1974    272       620    
                                                               
    C:\ti\ccsv7\tools\compiler\ti-cgt-arm_16.9.9.LTS\lib\rtsv7M4_T_le_v4SPD16_eabi.lib
       memory.obj                     976     0         12     
       memcpy_t2.obj                  156     0         0      
       memset_t2.obj                  122     0         0      
       autoinit.obj                   112     0         0      
       copy_decompress_lzss.obj       104     0         0      
       exit.obj                       84      0         12     
       boot.obj                       84      0         0      
       cpy_tbl.obj                    76      0         0      
       u_divt2.obj                    64      0         0      
       _lock.obj                      20      0         8      
       args_main.obj                  24      0         0      
       copy_decompress_none.obj       14      0         0      
       copy_zero_init.obj             12      0         0      
       pre_init.obj                   4       0         0      
       stkdepth_vars.obj              0       0         4      
       i_div0.obj                     2       0         0      
       mpu_init.obj                   2       0         0      
       startup.obj                    2       0         0      
    +--+------------------------------+-------+---------+---------+
       Total:                         1858    0         36     
                                                               
       Heap:                          0       0         1024   
       Stack:                         0       0         512    
       Linker Generated:              0       80        0      
    +--+------------------------------+-------+---------+---------+
       Grand Total:                   12568   1898      3079   


LINKER GENERATED COPY TABLES

__TI_cinit_table @ 00003870 records: 3, size/record: 8, table size: 24
	.data: load addr=00003838, load size=0000001c bytes, run addr=20000be4, run size=0000002a bytes, compression=lzss
	.bss: load addr=00003860, load size=00000008 bytes, run addr=20000670, run size=00000371 bytes, compression=zero_init
	.vtable: load addr=00003868, load size=00000008 bytes, run addr=20000000, run size=0000026c bytes, compression=zero_init


LINKER GENERATED HANDLER TABLE

__TI_handler_table @ 00003854 records: 3, size/record: 4, table size: 12
	index: 0, handler: __TI_zero_init
	index: 1, handler: __TI_decompress_lzss
	index: 2, handler: __TI_decompress_none


GLOBAL SYMBOLS: SORTED ALPHABETICALLY BY Name 

address   name                           
-------   ----                           
00003337  ADCIntClear                    
000032ad  ADCIntEnable                   
00001fa1  ADCIntHandler                  
000031e5  ADCIntRegister                 
000031fd  ADCProcessorTrigger            
00002f1d  ADCSequenceConfigure           
000031a9  ADCSequenceDataGet             
000032dd  ADCSequenceEnable              
00002b85  ADCSequenceStepConfigure       
00002ec9  C$$EXIT                        
00003307  CPUcpsie                       
00002e19  DelayInit                      
00002e33  DelayMs                        
0000317d  GPIODirModeSet                 
000026f9  GPIOPadConfigSet               
00002fbd  GPIOPinConfigure               
00003367  GPIOPinRead                    
00003245  GPIOPinTypeGPIOInput           
00003215  GPIOPinTypeGPIOOutput          
0000325b  GPIOPinTypeSSI                 
0000336d  GPIOPinWrite                   
00002ce9  IntEnable                      
000032bd  IntMasterEnable                
00003115  IntRegister                    
0000307b  OLEDInitialise                 
00003055  OLEDStringDraw                 
0000268d  OrbitOledAdvanceCursor         
000017e1  OrbitOledClampXco              
00001801  OrbitOledClampYco              
00001ded  OrbitOledClear                 
00001df9  OrbitOledClearBuffer           
0000255d  OrbitOledDefUserChar           
00001d69  OrbitOledDevInit               
00001623  OrbitOledDrawChar              
00002615  OrbitOledDrawGlyph             
00000fe7  OrbitOledDrawPixel             
0000112d  OrbitOledDrawRect              
00001683  OrbitOledDrawString            
00001cef  OrbitOledDvrInit               
000011b1  OrbitOledFillRect              
000012f5  OrbitOledGetBmp                
000025c5  OrbitOledGetCharUpdate         
00002541  OrbitOledGetCursor             
00000fe1  OrbitOledGetDrawMode           
00001013  OrbitOledGetPixel              
00000f37  OrbitOledGetPos                
00000f6b  OrbitOledGetStdPattern         
00001c25  OrbitOledHostInit              
00001c11  OrbitOledInit                  
0000102d  OrbitOledLineTo                
00001779  OrbitOledMoveDown              
000017af  OrbitOledMoveLeft              
000017c7  OrbitOledMoveRight             
00000ef1  OrbitOledMoveTo                
00001741  OrbitOledMoveUp                
00001455  OrbitOledPutBmp                
00001e83  OrbitOledPutBuffer             
000025cb  OrbitOledPutChar               
000025e9  OrbitOledPutString             
000016ef  OrbitOledRopAnd                
000016cb  OrbitOledRopOr                 
000016a1  OrbitOledRopSet                
00001713  OrbitOledRopXor                
000025ad  OrbitOledSetCharUpdate         
000024f5  OrbitOledSetCursor             
00000f53  OrbitOledSetDrawColor          
00000f8d  OrbitOledSetDrawMode           
00000f7d  OrbitOledSetFillPattern        
00001e29  OrbitOledUpdate                
0000332b  ResetISR                       
UNDEFED   SHT$$INIT_ARRAY$$Base          
UNDEFED   SHT$$INIT_ARRAY$$Limit         
0000335f  SSIBusy                        
00003373  SSIClockSourceSet              
000030d9  SSIConfigSetExpClk             
00003313  SSIDataGet                     
00003341  SSIDataPut                     
0000334b  SSIEnable                      
00001ee9  Ssi3PutByte                    
0000282d  SysCtlClockGet                 
0000293d  SysCtlClockSet                 
00003379  SysCtlDelay                    
00003149  SysCtlPeripheralEnable         
00003271  SysTickEnable                  
00003285  SysTickIntEnable               
00001f8d  SysTickIntHandler              
000031c9  SysTickIntRegister             
000032cd  SysTickPeriodSet               
00002db9  TimerConfigure                 
000032eb  TimerEnable                    
00003355  TimerValueGet                  
20000be4  __STACK_END                    
00000200  __STACK_SIZE                   
20000be4  __STACK_TOP                    
00000400  __SYSMEM_SIZE                  
00003870  __TI_CINIT_Base                
00003888  __TI_CINIT_Limit               
00003854  __TI_Handler_Table_Base        
00003860  __TI_Handler_Table_Limit       
00002c79  __TI_auto_init                 
20000be4  __TI_cleanup_ptr               
00002d51  __TI_decompress_lzss           
000032f9  __TI_decompress_none           
20000be8  __TI_dtors_ptr                 
20000bec  __TI_enable_exit_profile_output
ffffffff  __TI_pprof_out_hndl            
ffffffff  __TI_prof_data_size            
ffffffff  __TI_prof_data_start           
00000000  __TI_static_base__             
0000331f  __TI_zero_init                 
0000282b  __aeabi_idiv0                  
00002bff  __aeabi_memclr                 
00002bff  __aeabi_memclr4                
00002bff  __aeabi_memclr8                
00002ae9  __aeabi_memcpy                 
00002ae9  __aeabi_memcpy4                
00002ae9  __aeabi_memcpy8                
00002c01  __aeabi_memset                 
00002c01  __aeabi_memset4                
00002c01  __aeabi_memset8                
00003099  __aeabi_uidiv                  
00003099  __aeabi_uidivmod               
ffffffff  __binit__                      
ffffffff  __c_args__                     
000031c7  __mpu_init                     
200009e4  __stack                        
0000322d  _args_main                     
00002e75  _c_int00                       
20000bfc  _lock                          
000032a7  _nop                           
0000329f  _register_lock                 
00003299  _register_unlock               
20000270  _sys_memory                    
00003383  _system_post_cinit             
0000337f  _system_pre_init               
20000c00  _unlock                        
00002ecd  abort                          
ffffffff  binit                          
200009a0  bnOledCur                      
0000217d  calibrate                      
00001be1  calloc                         
00002477  checkButton                    
200009e0  clrOledCur                     
00003009  copy_in                        
00002151  displayCalibration             
000020a5  displayMeanADC                 
00002125  displayNone                    
000020e5  displayPercentADC              
200009a4  dxcoOledFontCur                
200009a8  dycoOledFontCur                
00002ed5  exit                           
200009ac  fOledCharUpdate                
0000192b  free                           
00002ac3  freeCircBuf                    
20000000  g_pfnRAMVectors                
00000000  g_pfnVectors                   
00001fe5  initADC                        
000022d5  initButtons                    
00002a31  initCircBuf                    
00001fbf  initClock                      
00002021  initDisplay                    
0000218d  main                           
20000c04  main_func_sp                   
000018c1  malloc                         
00001af5  memalign                       
00002ae9  memcpy                         
00002c07  memset                         
00001841  minit                          
200009b0  modOledCur                     
200009b4  pbOledCur                      
200009b8  pbOledFontCur                  
200009bc  pbOledFontUser                 
200009c0  pbOledPatCur                   
200009c4  pfnDoRop                       
00002a8f  readCircBuf                    
000019eb  realloc                        
00003780  rgbFillPat                     
20000670  rgbOledBmp                     
00003384  rgbOledFont0                   
20000870  rgbOledFontUser                
00000751  ulocaltime                     
0000094f  umktime                        
00002029  updateAltitude                 
000023a3  updateButtons                  
00000ec9  urand                          
00000721  usnprintf                      
000006ef  usprintf                       
00000eb9  usrand                         
00000e31  ustrcasecmp                    
00000ea5  ustrcmp                        
00000d35  ustrlen                        
00000d8d  ustrncasecmp                   
00000e45  ustrncmp                       
0000026d  ustrncpy                       
00000d57  ustrstr                        
00000afd  ustrtof                        
000009c5  ustrtoul                       
000002c5  uvsnprintf                     
00002a5b  writeCircBuf                   
200009c8  xchOledCur                     
200009cc  xchOledMax                     
200009d0  xcoOledCur                     
200009d4  ychOledCur                     
200009d8  ychOledMax                     
200009dc  ycoOledCur                     


GLOBAL SYMBOLS: SORTED BY Symbol Address 

address   name                           
-------   ----                           
00000000  __TI_static_base__             
00000000  g_pfnVectors                   
00000200  __STACK_SIZE                   
0000026d  ustrncpy                       
000002c5  uvsnprintf                     
00000400  __SYSMEM_SIZE                  
000006ef  usprintf                       
00000721  usnprintf                      
00000751  ulocaltime                     
0000094f  umktime                        
000009c5  ustrtoul                       
00000afd  ustrtof                        
00000d35  ustrlen                        
00000d57  ustrstr                        
00000d8d  ustrncasecmp                   
00000e31  ustrcasecmp                    
00000e45  ustrncmp                       
00000ea5  ustrcmp                        
00000eb9  usrand                         
00000ec9  urand                          
00000ef1  OrbitOledMoveTo                
00000f37  OrbitOledGetPos                
00000f53  OrbitOledSetDrawColor          
00000f6b  OrbitOledGetStdPattern         
00000f7d  OrbitOledSetFillPattern        
00000f8d  OrbitOledSetDrawMode           
00000fe1  OrbitOledGetDrawMode           
00000fe7  OrbitOledDrawPixel             
00001013  OrbitOledGetPixel              
0000102d  OrbitOledLineTo                
0000112d  OrbitOledDrawRect              
000011b1  OrbitOledFillRect              
000012f5  OrbitOledGetBmp                
00001455  OrbitOledPutBmp                
00001623  OrbitOledDrawChar              
00001683  OrbitOledDrawString            
000016a1  OrbitOledRopSet                
000016cb  OrbitOledRopOr                 
000016ef  OrbitOledRopAnd                
00001713  OrbitOledRopXor                
00001741  OrbitOledMoveUp                
00001779  OrbitOledMoveDown              
000017af  OrbitOledMoveLeft              
000017c7  OrbitOledMoveRight             
000017e1  OrbitOledClampXco              
00001801  OrbitOledClampYco              
00001841  minit                          
000018c1  malloc                         
0000192b  free                           
000019eb  realloc                        
00001af5  memalign                       
00001be1  calloc                         
00001c11  OrbitOledInit                  
00001c25  OrbitOledHostInit              
00001cef  OrbitOledDvrInit               
00001d69  OrbitOledDevInit               
00001ded  OrbitOledClear                 
00001df9  OrbitOledClearBuffer           
00001e29  OrbitOledUpdate                
00001e83  OrbitOledPutBuffer             
00001ee9  Ssi3PutByte                    
00001f8d  SysTickIntHandler              
00001fa1  ADCIntHandler                  
00001fbf  initClock                      
00001fe5  initADC                        
00002021  initDisplay                    
00002029  updateAltitude                 
000020a5  displayMeanADC                 
000020e5  displayPercentADC              
00002125  displayNone                    
00002151  displayCalibration             
0000217d  calibrate                      
0000218d  main                           
000022d5  initButtons                    
000023a3  updateButtons                  
00002477  checkButton                    
000024f5  OrbitOledSetCursor             
00002541  OrbitOledGetCursor             
0000255d  OrbitOledDefUserChar           
000025ad  OrbitOledSetCharUpdate         
000025c5  OrbitOledGetCharUpdate         
000025cb  OrbitOledPutChar               
000025e9  OrbitOledPutString             
00002615  OrbitOledDrawGlyph             
0000268d  OrbitOledAdvanceCursor         
000026f9  GPIOPadConfigSet               
0000282b  __aeabi_idiv0                  
0000282d  SysCtlClockGet                 
0000293d  SysCtlClockSet                 
00002a31  initCircBuf                    
00002a5b  writeCircBuf                   
00002a8f  readCircBuf                    
00002ac3  freeCircBuf                    
00002ae9  __aeabi_memcpy                 
00002ae9  __aeabi_memcpy4                
00002ae9  __aeabi_memcpy8                
00002ae9  memcpy                         
00002b85  ADCSequenceStepConfigure       
00002bff  __aeabi_memclr                 
00002bff  __aeabi_memclr4                
00002bff  __aeabi_memclr8                
00002c01  __aeabi_memset                 
00002c01  __aeabi_memset4                
00002c01  __aeabi_memset8                
00002c07  memset                         
00002c79  __TI_auto_init                 
00002ce9  IntEnable                      
00002d51  __TI_decompress_lzss           
00002db9  TimerConfigure                 
00002e19  DelayInit                      
00002e33  DelayMs                        
00002e75  _c_int00                       
00002ec9  C$$EXIT                        
00002ecd  abort                          
00002ed5  exit                           
00002f1d  ADCSequenceConfigure           
00002fbd  GPIOPinConfigure               
00003009  copy_in                        
00003055  OLEDStringDraw                 
0000307b  OLEDInitialise                 
00003099  __aeabi_uidiv                  
00003099  __aeabi_uidivmod               
000030d9  SSIConfigSetExpClk             
00003115  IntRegister                    
00003149  SysCtlPeripheralEnable         
0000317d  GPIODirModeSet                 
000031a9  ADCSequenceDataGet             
000031c7  __mpu_init                     
000031c9  SysTickIntRegister             
000031e5  ADCIntRegister                 
000031fd  ADCProcessorTrigger            
00003215  GPIOPinTypeGPIOOutput          
0000322d  _args_main                     
00003245  GPIOPinTypeGPIOInput           
0000325b  GPIOPinTypeSSI                 
00003271  SysTickEnable                  
00003285  SysTickIntEnable               
00003299  _register_unlock               
0000329f  _register_lock                 
000032a7  _nop                           
000032ad  ADCIntEnable                   
000032bd  IntMasterEnable                
000032cd  SysTickPeriodSet               
000032dd  ADCSequenceEnable              
000032eb  TimerEnable                    
000032f9  __TI_decompress_none           
00003307  CPUcpsie                       
00003313  SSIDataGet                     
0000331f  __TI_zero_init                 
0000332b  ResetISR                       
00003337  ADCIntClear                    
00003341  SSIDataPut                     
0000334b  SSIEnable                      
00003355  TimerValueGet                  
0000335f  SSIBusy                        
00003367  GPIOPinRead                    
0000336d  GPIOPinWrite                   
00003373  SSIClockSourceSet              
00003379  SysCtlDelay                    
0000337f  _system_pre_init               
00003383  _system_post_cinit             
00003384  rgbOledFont0                   
00003780  rgbFillPat                     
00003854  __TI_Handler_Table_Base        
00003860  __TI_Handler_Table_Limit       
00003870  __TI_CINIT_Base                
00003888  __TI_CINIT_Limit               
20000000  g_pfnRAMVectors                
20000270  _sys_memory                    
20000670  rgbOledBmp                     
20000870  rgbOledFontUser                
200009a0  bnOledCur                      
200009a4  dxcoOledFontCur                
200009a8  dycoOledFontCur                
200009ac  fOledCharUpdate                
200009b0  modOledCur                     
200009b4  pbOledCur                      
200009b8  pbOledFontCur                  
200009bc  pbOledFontUser                 
200009c0  pbOledPatCur                   
200009c4  pfnDoRop                       
200009c8  xchOledCur                     
200009cc  xchOledMax                     
200009d0  xcoOledCur                     
200009d4  ychOledCur                     
200009d8  ychOledMax                     
200009dc  ycoOledCur                     
200009e0  clrOledCur                     
200009e4  __stack                        
20000be4  __STACK_END                    
20000be4  __STACK_TOP                    
20000be4  __TI_cleanup_ptr               
20000be8  __TI_dtors_ptr                 
20000bec  __TI_enable_exit_profile_output
20000bfc  _lock                          
20000c00  _unlock                        
20000c04  main_func_sp                   
ffffffff  __TI_pprof_out_hndl            
ffffffff  __TI_prof_data_size            
ffffffff  __TI_prof_data_start           
ffffffff  __binit__                      
ffffffff  __c_args__                     
ffffffff  binit                          
UNDEFED   SHT$$INIT_ARRAY$$Base          
UNDEFED   SHT$$INIT_ARRAY$$Limit         

[205 symbols]
